182  [org.jobrunr.performance.Main.main()] INFO  com.zaxxer.hikari.HikariDataSource - HikariPool-1 - Starting...
462  [org.jobrunr.performance.Main.main()] INFO  com.zaxxer.hikari.pool.HikariPool - HikariPool-1 - Added connection org.postgresql.jdbc.PgConnection@442bf002
464  [org.jobrunr.performance.Main.main()] INFO  com.zaxxer.hikari.HikariDataSource - HikariPool-1 - Start completed.
1249 [org.jobrunr.performance.Main.main()] INFO  o.j.d.JobRunrDashboardWebServer - JobRunr Pro Dashboard using PostgresStorageProvider started at http://localhost:8010/dashboard
45299 [org.jobrunr.performance.Main.main()] INFO  org.jobrunr.performance.Main - VACUUMED POSTGRES TABLES
45300 [org.jobrunr.performance.Main.main()] INFO  org.jobrunr.performance.Main - Enqueued all jobs - starting processing
45311 [org.jobrunr.performance.Main.main()] INFO  o.j.s.t.ScheduledThreadPoolJobRunrExecutor - ThreadManager of type 'ScheduledThreadPool' started
45329 [org.jobrunr.performance.Main.main()] INFO  org.jobrunr.performance.Main - Enqueued all jobs - processing started
45440 [backgroundjob-zookeeper-pool-3-thread-1] INFO  o.j.server.BackgroundJobServer - JobRunr Pro BackgroundJobServer (rdehuyss-NUC - b7d77f1c-b1b2-4f3e-bcef-7414182f72bd) using PostgresStorageProvider and 32 BackgroundJobPerformers started successfully
45444 [backgroundjob-zookeeper-pool-3-thread-1] INFO  org.jobrunr.server.ServerZooKeeper - Server b7d77f1c-b1b2-4f3e-bcef-7414182f72bd is master (this BackgroundJobServer)
45530 [pool-6-thread-1] INFO  o.j.s.tasks.MigrateFromV5toV6Task - Start migration of recurring jobs from v5 to v6
45536 [pool-6-thread-1] INFO  o.j.s.tasks.MigrateFromV5toV6Task - Found 0 recurring jobs to migrate
45536 [pool-6-thread-1] INFO  o.j.s.tasks.MigrateFromV5toV6Task - Finished migration of recurring jobs from v5 to v6
45537 [pool-6-thread-1] INFO  o.j.s.tasks.MigrateFromV5toV6Task - Start migration of scheduled jobs from v5 to v6
45539 [pool-6-thread-1] INFO  o.j.s.tasks.MigrateFromV5toV6Task - Found 0 scheduled jobs to migrate.
45539 [pool-6-thread-1] INFO  o.j.s.tasks.MigrateFromV5toV6Task - Finished migration of scheduled jobs from v5 to v6
45547 [pool-6-thread-1] INFO  o.j.s.tasks.MigrateFromV6toV7Task - Start migration of batch jobs from v6 to v7
45553 [pool-6-thread-1] INFO  o.j.s.tasks.MigrateFromV6toV7Task - Finished migration of batch jobs from v6 to v7
46434 [backgroundjob-zookeeper-pool-4-thread-25] INFO  o.j.performance.PerformanceTestJob - 0ms / PT0S - processed 1 jobs / 24 index | Infinity jobs/sec (overall) | 1.2 jobs/sec (last 10 sec)
46567 [backgroundjob-zookeeper-pool-4-thread-5] WARN  o.jobrunr.server.queue.TurboQueue - Resetting WindowedAverage of 'org.jobrunr.performance.PerformanceTestJob.testJob(java.lang.Integer)' as 5 consecutive outliers were detected (Latest duration: 0 | Average Processing Time: 7 | Standard Deviation: 2.5534290669607413).
46796 [backgroundjob-zookeeper-pool-4-thread-26] INFO  o.j.performance.PerformanceTestJob - 379ms / PT0.379S - processed 337 jobs / 496 index | 889.1820580474935 jobs/sec (overall) | 33.7 jobs/sec (last 10 sec)
47757 [backgroundjob-zookeeper-pool-4-thread-7] INFO  o.j.performance.PerformanceTestJob - 1340ms / PT1.34S - processed 2465 jobs / 2304 index | 1839.55223880597 jobs/sec (overall) | 246.5 jobs/sec (last 10 sec)
48758 [backgroundjob-zookeeper-pool-4-thread-11] INFO  o.j.performance.PerformanceTestJob - 2341ms / PT2.341S - processed 5152 jobs / 5151 index | 2200.7689021785563 jobs/sec (overall) | 515.3 jobs/sec (last 10 sec)
49757 [backgroundjob-zookeeper-pool-4-thread-32] INFO  o.j.performance.PerformanceTestJob - 3340ms / PT3.34S - processed 8352 jobs / 8351 index | 2500.5988023952095 jobs/sec (overall) | 835.2 jobs/sec (last 10 sec)
50786 [backgroundjob-zookeeper-pool-4-thread-1] INFO  o.j.performance.PerformanceTestJob - 4369ms / PT4.369S - processed 11868 jobs / 11867 index | 2716.411078049897 jobs/sec (overall) | 1186.8 jobs/sec (last 10 sec)
51757 [backgroundjob-zookeeper-pool-4-thread-15] INFO  o.j.performance.PerformanceTestJob - 5340ms / PT5.34S - processed 15344 jobs / 15344 index | 2873.4082397003745 jobs/sec (overall) | 1534.5 jobs/sec (last 10 sec)
52757 [backgroundjob-zookeeper-pool-4-thread-22] INFO  o.j.performance.PerformanceTestJob - 6340ms / PT6.34S - processed 19103 jobs / 19102 index | 3013.0914826498424 jobs/sec (overall) | 1910.4 jobs/sec (last 10 sec)
53757 [backgroundjob-zookeeper-pool-4-thread-2] INFO  o.j.performance.PerformanceTestJob - 7340ms / PT7.34S - processed 22733 jobs / 22733 index | 3097.1389645776567 jobs/sec (overall) | 2273.4 jobs/sec (last 10 sec)
54757 [backgroundjob-zookeeper-pool-4-thread-5] INFO  o.j.performance.PerformanceTestJob - 8340ms / PT8.34S - processed 26559 jobs / 26558 index | 3184.5323741007196 jobs/sec (overall) | 2655.9 jobs/sec (last 10 sec)
55757 [backgroundjob-zookeeper-pool-4-thread-1] INFO  o.j.performance.PerformanceTestJob - 9340ms / PT9.34S - processed 30269 jobs / 30268 index | 3240.7922912205568 jobs/sec (overall) | 3027.0 jobs/sec (last 10 sec)
56758 [backgroundjob-zookeeper-pool-4-thread-23] INFO  o.j.performance.PerformanceTestJob - 10340ms / PT10.34S - processed 33987 jobs / 33986 index | 3286.943907156673 jobs/sec (overall) | 3365.2 jobs/sec (last 10 sec)
57768 [backgroundjob-zookeeper-pool-4-thread-29] INFO  o.j.performance.PerformanceTestJob - 11351ms / PT11.351S - processed 38113 jobs / 38112 index | 3357.6777376442606 jobs/sec (overall) | 3565.2 jobs/sec (last 10 sec)
58757 [backgroundjob-zookeeper-pool-4-thread-32] INFO  o.j.performance.PerformanceTestJob - 12340ms / PT12.34S - processed 42704 jobs / 42703 index | 3460.615883306321 jobs/sec (overall) | 3755.4 jobs/sec (last 10 sec)
59757 [backgroundjob-zookeeper-pool-4-thread-1] INFO  o.j.performance.PerformanceTestJob - 13340ms / PT13.34S - processed 46914 jobs / 46913 index | 3516.791604197901 jobs/sec (overall) | 3856.3 jobs/sec (last 10 sec)
60757 [backgroundjob-zookeeper-pool-4-thread-16] INFO  o.j.performance.PerformanceTestJob - 14340ms / PT14.34S - processed 50914 jobs / 50913 index | 3550.4881450488147 jobs/sec (overall) | 3904.7 jobs/sec (last 10 sec)
61758 [backgroundjob-zookeeper-pool-4-thread-32] INFO  o.j.performance.PerformanceTestJob - 15341ms / PT15.341S - processed 54915 jobs / 54914 index | 3579.6232318623297 jobs/sec (overall) | 3957.2 jobs/sec (last 10 sec)
62777 [backgroundjob-zookeeper-pool-4-thread-7] INFO  o.j.performance.PerformanceTestJob - 16360ms / PT16.36S - processed 58433 jobs / 58432 index | 3571.6992665036673 jobs/sec (overall) | 3933.1 jobs/sec (last 10 sec)
63757 [backgroundjob-zookeeper-pool-4-thread-8] INFO  o.j.performance.PerformanceTestJob - 17340ms / PT17.34S - processed 62513 jobs / 62512 index | 3605.132641291811 jobs/sec (overall) | 3978.1 jobs/sec (last 10 sec)
64757 [backgroundjob-zookeeper-pool-4-thread-24] INFO  o.j.performance.PerformanceTestJob - 18340ms / PT18.34S - processed 67139 jobs / 67138 index | 3660.7960741548527 jobs/sec (overall) | 4058.1 jobs/sec (last 10 sec)
65757 [backgroundjob-zookeeper-pool-4-thread-5] INFO  o.j.performance.PerformanceTestJob - 19340ms / PT19.34S - processed 71997 jobs / 71996 index | 3722.699069286453 jobs/sec (overall) | 4172.9 jobs/sec (last 10 sec)
66757 [backgroundjob-zookeeper-pool-4-thread-5] INFO  o.j.performance.PerformanceTestJob - 20340ms / PT20.34S - processed 76692 jobs / 76691 index | 3770.5014749262536 jobs/sec (overall) | 4270.6 jobs/sec (last 10 sec)
67757 [backgroundjob-zookeeper-pool-4-thread-11] INFO  o.j.performance.PerformanceTestJob - 21340ms / PT21.34S - processed 81368 jobs / 81367 index | 3812.933458294283 jobs/sec (overall) | 4325.7 jobs/sec (last 10 sec)
68757 [backgroundjob-zookeeper-pool-4-thread-15] INFO  o.j.performance.PerformanceTestJob - 22340ms / PT22.34S - processed 86326 jobs / 86325 index | 3864.189794091316 jobs/sec (overall) | 4362.3 jobs/sec (last 10 sec)
69757 [backgroundjob-zookeeper-pool-4-thread-2] INFO  o.j.performance.PerformanceTestJob - 23340ms / PT23.34S - processed 91318 jobs / 91317 index | 3912.510711225364 jobs/sec (overall) | 4440.6 jobs/sec (last 10 sec)
70767 [backgroundjob-zookeeper-pool-4-thread-21] INFO  o.j.performance.PerformanceTestJob - 24350ms / PT24.35S - processed 96192 jobs / 96191 index | 3950.3901437371665 jobs/sec (overall) | 4528.0 jobs/sec (last 10 sec)
71757 [backgroundjob-zookeeper-pool-4-thread-30] INFO  o.j.performance.PerformanceTestJob - 25340ms / PT25.34S - processed 101012 jobs / 101012 index | 3986.266771902131 jobs/sec (overall) | 4609.8 jobs/sec (last 10 sec)
72759 [backgroundjob-zookeeper-pool-4-thread-1] INFO  o.j.performance.PerformanceTestJob - 26341ms / PT26.341S - processed 105793 jobs / 105792 index | 4016.2863976310696 jobs/sec (overall) | 4736.1 jobs/sec (last 10 sec)
73775 [backgroundjob-zookeeper-pool-4-thread-17] INFO  o.j.performance.PerformanceTestJob - 27358ms / PT27.358S - processed 110753 jobs / 110752 index | 4048.2856933986404 jobs/sec (overall) | 4824.1 jobs/sec (last 10 sec)
74769 [backgroundjob-zookeeper-pool-4-thread-21] INFO  o.j.performance.PerformanceTestJob - 28352ms / PT28.352S - processed 115713 jobs / 115712 index | 4081.2993792325055 jobs/sec (overall) | 4857.5 jobs/sec (last 10 sec)
75763 [backgroundjob-zookeeper-pool-4-thread-24] INFO  o.j.performance.PerformanceTestJob - 29346ms / PT29.346S - processed 120513 jobs / 120512 index | 4106.624412185647 jobs/sec (overall) | 4851.7 jobs/sec (last 10 sec)
76757 [backgroundjob-zookeeper-pool-4-thread-28] INFO  o.j.performance.PerformanceTestJob - 30340ms / PT30.34S - processed 125255 jobs / 125254 index | 4128.378378378378 jobs/sec (overall) | 4856.4 jobs/sec (last 10 sec)
77757 [backgroundjob-zookeeper-pool-4-thread-28] INFO  o.j.performance.PerformanceTestJob - 31340ms / PT31.34S - processed 129698 jobs / 129697 index | 4138.417358008935 jobs/sec (overall) | 4833.1 jobs/sec (last 10 sec)
78766 [backgroundjob-zookeeper-pool-4-thread-26] INFO  o.j.performance.PerformanceTestJob - 32349ms / PT32.349S - processed 134594 jobs / 134593 index | 4160.685028903521 jobs/sec (overall) | 4826.9 jobs/sec (last 10 sec)
79757 [backgroundjob-zookeeper-pool-4-thread-11] INFO  o.j.performance.PerformanceTestJob - 33340ms / PT33.34S - processed 139394 jobs / 139393 index | 4180.983803239352 jobs/sec (overall) | 4807.8 jobs/sec (last 10 sec)
80757 [backgroundjob-zookeeper-pool-4-thread-25] INFO  o.j.performance.PerformanceTestJob - 34340ms / PT34.34S - processed 144364 jobs / 144363 index | 4203.960396039604 jobs/sec (overall) | 4817.3 jobs/sec (last 10 sec)
81757 [backgroundjob-zookeeper-pool-4-thread-32] INFO  o.j.performance.PerformanceTestJob - 35340ms / PT35.34S - processed 148445 jobs / 148444 index | 4200.48104131296 jobs/sec (overall) | 4743.4 jobs/sec (last 10 sec)
82757 [backgroundjob-zookeeper-pool-4-thread-20] INFO  o.j.performance.PerformanceTestJob - 36340ms / PT36.34S - processed 153170 jobs / 153169 index | 4214.9146945514585 jobs/sec (overall) | 4737.9 jobs/sec (last 10 sec)
83757 [backgroundjob-zookeeper-pool-4-thread-16] INFO  o.j.performance.PerformanceTestJob - 37340ms / PT37.34S - processed 158071 jobs / 158070 index | 4233.288698446706 jobs/sec (overall) | 4731.9 jobs/sec (last 10 sec)
84757 [backgroundjob-zookeeper-pool-4-thread-28] INFO  o.j.performance.PerformanceTestJob - 38340ms / PT38.34S - processed 163023 jobs / 163023 index | 4252.034428794992 jobs/sec (overall) | 4731.2 jobs/sec (last 10 sec)
85757 [backgroundjob-zookeeper-pool-4-thread-18] INFO  o.j.performance.PerformanceTestJob - 39340ms / PT39.34S - processed 166931 jobs / 166932 index | 4243.289273004575 jobs/sec (overall) | 4641.9 jobs/sec (last 10 sec)
86758 [backgroundjob-zookeeper-pool-4-thread-15] INFO  o.j.performance.PerformanceTestJob - 40341ms / PT40.341S - processed 171553 jobs / 171552 index | 4252.571825190253 jobs/sec (overall) | 4629.9 jobs/sec (last 10 sec)
87774 [backgroundjob-zookeeper-pool-4-thread-16] INFO  o.j.performance.PerformanceTestJob - 41357ms / PT41.357S - processed 176511 jobs / 176510 index | 4267.983654520395 jobs/sec (overall) | 4681.7 jobs/sec (last 10 sec)
88757 [backgroundjob-zookeeper-pool-4-thread-31] INFO  o.j.performance.PerformanceTestJob - 42340ms / PT42.34S - processed 181288 jobs / 181287 index | 4281.71941426547 jobs/sec (overall) | 4669.7 jobs/sec (last 10 sec)
89757 [backgroundjob-zookeeper-pool-4-thread-18] INFO  o.j.performance.PerformanceTestJob - 43340ms / PT43.34S - processed 186210 jobs / 186209 index | 4296.492847254269 jobs/sec (overall) | 4681.7 jobs/sec (last 10 sec)
90778 [backgroundjob-zookeeper-pool-4-thread-15] INFO  o.j.performance.PerformanceTestJob - 44360ms / PT44.36S - processed 191073 jobs / 191072 index | 4307.326420198377 jobs/sec (overall) | 4671.0 jobs/sec (last 10 sec)
91757 [backgroundjob-zookeeper-pool-4-thread-24] INFO  o.j.performance.PerformanceTestJob - 45340ms / PT45.34S - processed 195974 jobs / 195973 index | 4322.320247022497 jobs/sec (overall) | 4753.0 jobs/sec (last 10 sec)
92757 [backgroundjob-zookeeper-pool-4-thread-28] INFO  o.j.performance.PerformanceTestJob - 46340ms / PT46.34S - processed 200865 jobs / 200864 index | 4334.592145015105 jobs/sec (overall) | 4769.6 jobs/sec (last 10 sec)
93770 [backgroundjob-zookeeper-pool-4-thread-29] INFO  o.j.performance.PerformanceTestJob - 47353ms / PT47.353S - processed 205793 jobs / 205792 index | 4345.933731759339 jobs/sec (overall) | 4772.3 jobs/sec (last 10 sec)
94757 [backgroundjob-zookeeper-pool-4-thread-24] INFO  o.j.performance.PerformanceTestJob - 48340ms / PT48.34S - processed 210717 jobs / 210716 index | 4359.060819197352 jobs/sec (overall) | 4769.6 jobs/sec (last 10 sec)
95757 [backgroundjob-zookeeper-pool-4-thread-25] INFO  o.j.performance.PerformanceTestJob - 49340ms / PT49.34S - processed 215444 jobs / 215443 index | 4366.5180381029595 jobs/sec (overall) | 4851.4 jobs/sec (last 10 sec)
96758 [backgroundjob-zookeeper-pool-4-thread-32] INFO  o.j.performance.PerformanceTestJob - 50340ms / PT50.34S - processed 220193 jobs / 220192 index | 4374.116011124354 jobs/sec (overall) | 4864.1 jobs/sec (last 10 sec)
97757 [backgroundjob-zookeeper-pool-4-thread-21] INFO  o.j.performance.PerformanceTestJob - 51340ms / PT51.34S - processed 224891 jobs / 224890 index | 4380.4246201791975 jobs/sec (overall) | 4838.1 jobs/sec (last 10 sec)
98769 [backgroundjob-zookeeper-pool-4-thread-8] INFO  o.j.performance.PerformanceTestJob - 52351ms / PT52.351S - processed 229793 jobs / 229792 index | 4389.467249909267 jobs/sec (overall) | 4850.6 jobs/sec (last 10 sec)
99757 [backgroundjob-zookeeper-pool-4-thread-18] INFO  o.j.performance.PerformanceTestJob - 53340ms / PT53.34S - processed 234611 jobs / 234611 index | 4398.406449193851 jobs/sec (overall) | 4840.3 jobs/sec (last 10 sec)
100774 [backgroundjob-zookeeper-pool-4-thread-16] INFO  o.j.performance.PerformanceTestJob - 54357ms / PT54.357S - processed 239393 jobs / 239392 index | 4404.087789981051 jobs/sec (overall) | 4832.1 jobs/sec (last 10 sec)
101757 [backgroundjob-zookeeper-pool-4-thread-3] INFO  o.j.performance.PerformanceTestJob - 55340ms / PT55.34S - processed 244166 jobs / 244165 index | 4412.106975063245 jobs/sec (overall) | 4819.3 jobs/sec (last 10 sec)
102757 [backgroundjob-zookeeper-pool-4-thread-10] INFO  o.j.performance.PerformanceTestJob - 56340ms / PT56.34S - processed 249137 jobs / 249136 index | 4422.026979055733 jobs/sec (overall) | 4827.3 jobs/sec (last 10 sec)
103757 [backgroundjob-zookeeper-pool-4-thread-30] INFO  o.j.performance.PerformanceTestJob - 57340ms / PT57.34S - processed 253796 jobs / 253795 index | 4426.159748866411 jobs/sec (overall) | 4800.4 jobs/sec (last 10 sec)
104757 [backgroundjob-zookeeper-pool-4-thread-21] INFO  o.j.performance.PerformanceTestJob - 58340ms / PT58.34S - processed 258433 jobs / 258432 index | 4429.773740143984 jobs/sec (overall) | 4771.7 jobs/sec (last 10 sec)
105757 [backgroundjob-zookeeper-pool-4-thread-2] INFO  o.j.performance.PerformanceTestJob - 59340ms / PT59.34S - processed 263329 jobs / 263329 index | 4437.630603303 jobs/sec (overall) | 4788.7 jobs/sec (last 10 sec)
106757 [backgroundjob-zookeeper-pool-4-thread-16] INFO  o.j.performance.PerformanceTestJob - 60340ms / PT1M0.34S - processed 268068 jobs / 268065 index | 4442.625124295658 jobs/sec (overall) | 4787.6 jobs/sec (last 10 sec)
107757 [backgroundjob-zookeeper-pool-4-thread-18] INFO  o.j.performance.PerformanceTestJob - 61340ms / PT1M1.34S - processed 271980 jobs / 271979 index | 4433.9745679817415 jobs/sec (overall) | 4709.0 jobs/sec (last 10 sec)
108757 [backgroundjob-zookeeper-pool-4-thread-2] INFO  o.j.performance.PerformanceTestJob - 62340ms / PT1M2.34S - processed 275690 jobs / 275689 index | 4422.3612447866535 jobs/sec (overall) | 4589.8 jobs/sec (last 10 sec)
109762 [backgroundjob-zookeeper-pool-4-thread-7] INFO  o.j.performance.PerformanceTestJob - 63345ms / PT1M3.345S - processed 280353 jobs / 280352 index | 4425.811034809377 jobs/sec (overall) | 4574.3 jobs/sec (last 10 sec)
110757 [backgroundjob-zookeeper-pool-4-thread-4] INFO  o.j.performance.PerformanceTestJob - 64340ms / PT1M4.34S - processed 285096 jobs / 285095 index | 4431.084861672365 jobs/sec (overall) | 4570.4 jobs/sec (last 10 sec)
111757 [backgroundjob-zookeeper-pool-4-thread-23] INFO  o.j.performance.PerformanceTestJob - 65340ms / PT1M5.34S - processed 289914 jobs / 289913 index | 4437.0064279155185 jobs/sec (overall) | 4574.9 jobs/sec (last 10 sec)
112773 [backgroundjob-zookeeper-pool-4-thread-32] INFO  o.j.performance.PerformanceTestJob - 66356ms / PT1M6.356S - processed 294753 jobs / 294752 index | 4441.994695280005 jobs/sec (overall) | 4561.7 jobs/sec (last 10 sec)
113771 [backgroundjob-zookeeper-pool-4-thread-6] INFO  o.j.performance.PerformanceTestJob - 67354ms / PT1M7.354S - processed 299073 jobs / 299072 index | 4440.315348754343 jobs/sec (overall) | 4527.8 jobs/sec (last 10 sec)
114767 [backgroundjob-zookeeper-pool-4-thread-16] INFO  o.j.performance.PerformanceTestJob - 68350ms / PT1M8.35S - processed 303871 jobs / 303870 index | 4445.808339429407 jobs/sec (overall) | 4544.1 jobs/sec (last 10 sec)
115760 [backgroundjob-zookeeper-pool-4-thread-4] INFO  o.j.performance.PerformanceTestJob - 69343ms / PT1M9.343S - processed 308513 jobs / 308511 index | 4449.086425450298 jobs/sec (overall) | 4518.6 jobs/sec (last 10 sec)
116757 [backgroundjob-zookeeper-pool-4-thread-16] INFO  o.j.performance.PerformanceTestJob - 70340ms / PT1M10.34S - processed 313174 jobs / 313173 index | 4452.288882570372 jobs/sec (overall) | 4510.7 jobs/sec (last 10 sec)
117764 [backgroundjob-zookeeper-pool-4-thread-8] INFO  o.j.performance.PerformanceTestJob - 71347ms / PT1M11.347S - processed 317787 jobs / 317786 index | 4454.104587438856 jobs/sec (overall) | 4581.0 jobs/sec (last 10 sec)
118757 [backgroundjob-zookeeper-pool-4-thread-14] INFO  o.j.performance.PerformanceTestJob - 72340ms / PT1M12.34S - processed 322443 jobs / 322442 index | 4457.326513685374 jobs/sec (overall) | 4675.4 jobs/sec (last 10 sec)
119757 [backgroundjob-zookeeper-pool-4-thread-17] INFO  o.j.performance.PerformanceTestJob - 73340ms / PT1M13.34S - processed 326956 jobs / 326955 index | 4458.08562857922 jobs/sec (overall) | 4660.4 jobs/sec (last 10 sec)
120758 [backgroundjob-zookeeper-pool-4-thread-13] INFO  o.j.performance.PerformanceTestJob - 74341ms / PT1M14.341S - processed 331553 jobs / 331552 index | 4459.894270994471 jobs/sec (overall) | 4645.8 jobs/sec (last 10 sec)
121760 [backgroundjob-zookeeper-pool-4-thread-18] INFO  o.j.performance.PerformanceTestJob - 75343ms / PT1M15.343S - processed 336353 jobs / 336352 index | 4464.2899804892295 jobs/sec (overall) | 4644.0 jobs/sec (last 10 sec)
122806 [backgroundjob-zookeeper-pool-4-thread-16] INFO  o.j.performance.PerformanceTestJob - 76389ms / PT1M16.389S - processed 340033 jobs / 340032 index | 4451.334616240558 jobs/sec (overall) | 4528.1 jobs/sec (last 10 sec)
123757 [backgroundjob-zookeeper-pool-4-thread-20] INFO  o.j.performance.PerformanceTestJob - 77340ms / PT1M17.34S - processed 343959 jobs / 343958 index | 4447.362296353763 jobs/sec (overall) | 4488.7 jobs/sec (last 10 sec)
124767 [backgroundjob-zookeeper-pool-4-thread-3] INFO  o.j.performance.PerformanceTestJob - 78350ms / PT1M18.35S - processed 348833 jobs / 348832 index | 4452.239948947033 jobs/sec (overall) | 4496.3 jobs/sec (last 10 sec)
125757 [backgroundjob-zookeeper-pool-4-thread-5] INFO  o.j.performance.PerformanceTestJob - 79340ms / PT1M19.34S - processed 353576 jobs / 353575 index | 4456.465843206453 jobs/sec (overall) | 4506.5 jobs/sec (last 10 sec)
126757 [backgroundjob-zookeeper-pool-4-thread-21] INFO  o.j.performance.PerformanceTestJob - 80340ms / PT1M20.34S - processed 358375 jobs / 358374 index | 4460.729400049789 jobs/sec (overall) | 4520.2 jobs/sec (last 10 sec)
127772 [backgroundjob-zookeeper-pool-4-thread-11] INFO  o.j.performance.PerformanceTestJob - 81355ms / PT1M21.355S - processed 362913 jobs / 362912 index | 4460.856738983468 jobs/sec (overall) | 4512.7 jobs/sec (last 10 sec)
128771 [backgroundjob-zookeeper-pool-4-thread-24] INFO  o.j.performance.PerformanceTestJob - 82354ms / PT1M22.354S - processed 367393 jobs / 367392 index | 4461.14335672827 jobs/sec (overall) | 4495.1 jobs/sec (last 10 sec)
129769 [backgroundjob-zookeeper-pool-4-thread-21] INFO  o.j.performance.PerformanceTestJob - 83351ms / PT1M23.351S - processed 372033 jobs / 372032 index | 4463.4497486532855 jobs/sec (overall) | 4507.8 jobs/sec (last 10 sec)
130757 [backgroundjob-zookeeper-pool-4-thread-3] INFO  o.j.performance.PerformanceTestJob - 84340ms / PT1M24.34S - processed 376522 jobs / 376521 index | 4464.334835190894 jobs/sec (overall) | 4497.1 jobs/sec (last 10 sec)
131773 [backgroundjob-zookeeper-pool-4-thread-26] INFO  o.j.performance.PerformanceTestJob - 85356ms / PT1M25.356S - processed 378536 jobs / 378535 index | 4434.790758704719 jobs/sec (overall) | 4218.5 jobs/sec (last 10 sec)
132777 [backgroundjob-zookeeper-pool-4-thread-2] INFO  o.j.performance.PerformanceTestJob - 86360ms / PT1M26.36S - processed 378728 jobs / 378727 index | 4385.456229735989 jobs/sec (overall) | 3869.8 jobs/sec (last 10 sec)
133759 [backgroundjob-zookeeper-pool-4-thread-2] INFO  o.j.performance.PerformanceTestJob - 87342ms / PT1M27.342S - processed 378978 jobs / 378977 index | 4339.0121590987155 jobs/sec (overall) | 3502.0 jobs/sec (last 10 sec)
134757 [backgroundjob-zookeeper-pool-4-thread-29] INFO  o.j.performance.PerformanceTestJob - 88340ms / PT1M28.34S - processed 381492 jobs / 381491 index | 4318.451437627349 jobs/sec (overall) | 3266.1 jobs/sec (last 10 sec)
135758 [backgroundjob-zookeeper-pool-4-thread-14] INFO  o.j.performance.PerformanceTestJob - 89340ms / PT1M29.34S - processed 384679 jobs / 384678 index | 4305.786881576002 jobs/sec (overall) | 3110.4 jobs/sec (last 10 sec)
136763 [backgroundjob-zookeeper-pool-4-thread-17] INFO  o.j.performance.PerformanceTestJob - 90346ms / PT1M30.346S - processed 388033 jobs / 388032 index | 4294.966019524937 jobs/sec (overall) | 2965.9 jobs/sec (last 10 sec)
137757 [backgroundjob-zookeeper-pool-4-thread-11] INFO  o.j.performance.PerformanceTestJob - 91340ms / PT1M31.34S - processed 391323 jobs / 391322 index | 4284.245675498139 jobs/sec (overall) | 2841.1 jobs/sec (last 10 sec)
138757 [backgroundjob-zookeeper-pool-4-thread-29] INFO  o.j.performance.PerformanceTestJob - 92340ms / PT1M32.34S - processed 394792 jobs / 394791 index | 4275.416937405242 jobs/sec (overall) | 2740.1 jobs/sec (last 10 sec)
139757 [backgroundjob-zookeeper-pool-4-thread-31] INFO  o.j.performance.PerformanceTestJob - 93340ms / PT1M33.34S - processed 398161 jobs / 398147 index | 4265.7060209985 jobs/sec (overall) | 2612.9 jobs/sec (last 10 sec)
140757 [backgroundjob-zookeeper-pool-4-thread-7] INFO  o.j.performance.PerformanceTestJob - 94340ms / PT1M34.34S - processed 401852 jobs / 401851 index | 4259.6141615433535 jobs/sec (overall) | 2533.2 jobs/sec (last 10 sec)
141757 [backgroundjob-zookeeper-pool-4-thread-3] INFO  o.j.performance.PerformanceTestJob - 95340ms / PT1M35.34S - processed 405275 jobs / 405274 index | 4250.839102160688 jobs/sec (overall) | 2674.0 jobs/sec (last 10 sec)
142757 [backgroundjob-zookeeper-pool-4-thread-12] INFO  o.j.performance.PerformanceTestJob - 96340ms / PT1M36.34S - processed 408815 jobs / 408814 index | 4243.460660161926 jobs/sec (overall) | 3008.9 jobs/sec (last 10 sec)
143757 [backgroundjob-zookeeper-pool-4-thread-32] INFO  o.j.performance.PerformanceTestJob - 97340ms / PT1M37.34S - processed 411855 jobs / 411854 index | 4231.097185124307 jobs/sec (overall) | 3287.8 jobs/sec (last 10 sec)
144757 [backgroundjob-zookeeper-pool-4-thread-12] INFO  o.j.performance.PerformanceTestJob - 98340ms / PT1M38.34S - processed 415085 jobs / 415084 index | 4220.917225950783 jobs/sec (overall) | 3359.5 jobs/sec (last 10 sec)
145758 [backgroundjob-zookeeper-pool-4-thread-2] INFO  o.j.performance.PerformanceTestJob - 99341ms / PT1M39.341S - processed 418516 jobs / 418515 index | 4212.923163648443 jobs/sec (overall) | 3383.9 jobs/sec (last 10 sec)
146759 [backgroundjob-zookeeper-pool-4-thread-20] INFO  o.j.performance.PerformanceTestJob - 100341ms / PT1M40.341S - processed 421913 jobs / 421912 index | 4204.791660437907 jobs/sec (overall) | 3388.1 jobs/sec (last 10 sec)
147757 [backgroundjob-zookeeper-pool-4-thread-29] INFO  o.j.performance.PerformanceTestJob - 101340ms / PT1M41.34S - processed 425228 jobs / 425227 index | 4196.052891257154 jobs/sec (overall) | 3390.6 jobs/sec (last 10 sec)
148757 [backgroundjob-zookeeper-pool-4-thread-7] INFO  o.j.performance.PerformanceTestJob - 102340ms / PT1M42.34S - processed 428693 jobs / 428692 index | 4188.90951729529 jobs/sec (overall) | 3390.3 jobs/sec (last 10 sec)
149760 [backgroundjob-zookeeper-pool-4-thread-1] INFO  o.j.performance.PerformanceTestJob - 103343ms / PT1M43.343S - processed 432242 jobs / 432242 index | 4182.595821681198 jobs/sec (overall) | 3408.3 jobs/sec (last 10 sec)
150758 [backgroundjob-zookeeper-pool-4-thread-30] INFO  o.j.performance.PerformanceTestJob - 104340ms / PT1M44.34S - processed 435743 jobs / 435742 index | 4176.18363043895 jobs/sec (overall) | 3389.2 jobs/sec (last 10 sec)
151757 [backgroundjob-zookeeper-pool-4-thread-1] INFO  o.j.performance.PerformanceTestJob - 105340ms / PT1M45.34S - processed 439038 jobs / 439037 index | 4167.818492500474 jobs/sec (overall) | 3376.4 jobs/sec (last 10 sec)
152757 [backgroundjob-zookeeper-pool-4-thread-29] INFO  o.j.performance.PerformanceTestJob - 106340ms / PT1M46.34S - processed 442432 jobs / 442431 index | 4160.541658830168 jobs/sec (overall) | 3361.8 jobs/sec (last 10 sec)
153757 [backgroundjob-zookeeper-pool-4-thread-20] INFO  o.j.performance.PerformanceTestJob - 107340ms / PT1M47.34S - processed 445783 jobs / 445783 index | 4152.999813676169 jobs/sec (overall) | 3393.0 jobs/sec (last 10 sec)
154777 [backgroundjob-zookeeper-pool-4-thread-23] INFO  o.j.performance.PerformanceTestJob - 108359ms / PT1M48.359S - processed 446961 jobs / 446960 index | 4124.816581917515 jobs/sec (overall) | 3187.8 jobs/sec (last 10 sec)
155757 [backgroundjob-zookeeper-pool-4-thread-11] INFO  o.j.performance.PerformanceTestJob - 109340ms / PT1M49.34S - processed 447550 jobs / 447549 index | 4093.1955368575086 jobs/sec (overall) | 2903.5 jobs/sec (last 10 sec)
156757 [backgroundjob-zookeeper-pool-4-thread-21] INFO  o.j.performance.PerformanceTestJob - 110340ms / PT1M50.34S - processed 450841 jobs / 450841 index | 4085.925321732826 jobs/sec (overall) | 2892.9 jobs/sec (last 10 sec)
157757 [backgroundjob-zookeeper-pool-4-thread-13] INFO  o.j.performance.PerformanceTestJob - 111340ms / PT1M51.34S - processed 454960 jobs / 454959 index | 4086.2223818933 jobs/sec (overall) | 2973.3 jobs/sec (last 10 sec)
158757 [backgroundjob-zookeeper-pool-4-thread-9] INFO  o.j.performance.PerformanceTestJob - 112340ms / PT1M52.34S - processed 458355 jobs / 458354 index | 4080.069432081182 jobs/sec (overall) | 2966.3 jobs/sec (last 10 sec)
159757 [backgroundjob-zookeeper-pool-4-thread-18] INFO  o.j.performance.PerformanceTestJob - 113340ms / PT1M53.34S - processed 462185 jobs / 462184 index | 4077.863066878419 jobs/sec (overall) | 2994.4 jobs/sec (last 10 sec)
160758 [backgroundjob-zookeeper-pool-4-thread-18] INFO  o.j.performance.PerformanceTestJob - 114341ms / PT1M54.341S - processed 465667 jobs / 465666 index | 4072.6161219510063 jobs/sec (overall) | 2992.7 jobs/sec (last 10 sec)
161757 [backgroundjob-zookeeper-pool-4-thread-16] INFO  o.j.performance.PerformanceTestJob - 115340ms / PT1M55.34S - processed 469297 jobs / 469296 index | 4068.813941390671 jobs/sec (overall) | 3026.0 jobs/sec (last 10 sec)
162758 [backgroundjob-zookeeper-pool-4-thread-19] INFO  o.j.performance.PerformanceTestJob - 116340ms / PT1M56.34S - processed 472424 jobs / 472423 index | 4060.718583462266 jobs/sec (overall) | 2999.3 jobs/sec (last 10 sec)
163764 [backgroundjob-zookeeper-pool-4-thread-13] INFO  o.j.performance.PerformanceTestJob - 117347ms / PT1M57.347S - processed 473248 jobs / 473247 index | 4032.8938958814456 jobs/sec (overall) | 2746.6 jobs/sec (last 10 sec)
164763 [backgroundjob-zookeeper-pool-4-thread-19] INFO  o.j.performance.PerformanceTestJob - 118346ms / PT1M58.346S - processed 473386 jobs / 473385 index | 4000.0168995994795 jobs/sec (overall) | 2642.7 jobs/sec (last 10 sec)
165762 [backgroundjob-zookeeper-pool-4-thread-18] INFO  o.j.performance.PerformanceTestJob - 119345ms / PT1M59.345S - processed 474399 jobs / 474398 index | 3975.021995056349 jobs/sec (overall) | 2685.2 jobs/sec (last 10 sec)
166757 [backgroundjob-zookeeper-pool-4-thread-15] INFO  o.j.performance.PerformanceTestJob - 120340ms / PT2M0.34S - processed 477430 jobs / 477429 index | 3967.3425294997505 jobs/sec (overall) | 2659.0 jobs/sec (last 10 sec)
167758 [backgroundjob-zookeeper-pool-4-thread-26] INFO  o.j.performance.PerformanceTestJob - 121341ms / PT2M1.341S - processed 480913 jobs / 480912 index | 3963.318251868701 jobs/sec (overall) | 2595.4 jobs/sec (last 10 sec)
168757 [backgroundjob-zookeeper-pool-4-thread-14] INFO  o.j.performance.PerformanceTestJob - 122340ms / PT2M2.34S - processed 483922 jobs / 483922 index | 3955.5501062612393 jobs/sec (overall) | 2557.0 jobs/sec (last 10 sec)
169757 [backgroundjob-zookeeper-pool-4-thread-24] INFO  o.j.performance.PerformanceTestJob - 123340ms / PT2M3.34S - processed 487343 jobs / 487342 index | 3951.2161504783526 jobs/sec (overall) | 2515.9 jobs/sec (last 10 sec)
170757 [backgroundjob-zookeeper-pool-4-thread-29] INFO  o.j.performance.PerformanceTestJob - 124340ms / PT2M4.34S - processed 490950 jobs / 490949 index | 3948.4478044072703 jobs/sec (overall) | 2528.4 jobs/sec (last 10 sec)
171757 [backgroundjob-zookeeper-pool-4-thread-26] INFO  o.j.performance.PerformanceTestJob - 125340ms / PT2M5.34S - processed 494248 jobs / 494247 index | 3943.258337322483 jobs/sec (overall) | 2495.3 jobs/sec (last 10 sec)
172757 [backgroundjob-zookeeper-pool-4-thread-25] INFO  o.j.performance.PerformanceTestJob - 126340ms / PT2M6.34S - processed 497579 jobs / 497578 index | 3938.412220990977 jobs/sec (overall) | 2515.6 jobs/sec (last 10 sec)
173370 [org.jobrunr.performance.Main.main()] INFO  org.jobrunr.performance.Main - Processing took 128041ms
173370 [backgroundjob-zookeeper-pool-4-thread-7] INFO  o.j.performance.PerformanceTestJob - 126953ms / PT2M6.953S - processed 500000 jobs / 499999 index | 3938.4654163351793 jobs/sec (overall) | 2757.7 jobs/sec (last 10 sec)
179382 [extShutdownHook] INFO  o.j.server.BackgroundJobServer - BackgroundJobServer (rdehuyss-NUC - b7d77f1c-b1b2-4f3e-bcef-7414182f72bd) and BackgroundJobPerformers - stopping (waiting for all jobs to complete - max 10 seconds)
179389 [extShutdownHook] INFO  o.j.server.BackgroundJobServer - BackgroundJobServer (rdehuyss-NUC - b7d77f1c-b1b2-4f3e-bcef-7414182f72bd) and BackgroundJobPerformers stopped
179390 [extShutdownHook] INFO  o.j.d.JobRunrDashboardWebServer - JobRunr Pro Dashboard stopped
154  [org.jobrunr.performance.Main.main()] INFO  com.zaxxer.hikari.HikariDataSource - HikariPool-1 - Starting...
515  [org.jobrunr.performance.Main.main()] INFO  com.zaxxer.hikari.pool.HikariPool - HikariPool-1 - Added connection org.postgresql.jdbc.PgConnection@b6edc95
518  [org.jobrunr.performance.Main.main()] INFO  com.zaxxer.hikari.HikariDataSource - HikariPool-1 - Start completed.
120  [org.jobrunr.performance.Main.main()] INFO  com.zaxxer.hikari.HikariDataSource - HikariPool-1 - Starting...
357  [org.jobrunr.performance.Main.main()] INFO  com.zaxxer.hikari.pool.HikariPool - HikariPool-1 - Added connection org.postgresql.jdbc.PgConnection@7ec1c00e
358  [org.jobrunr.performance.Main.main()] INFO  com.zaxxer.hikari.HikariDataSource - HikariPool-1 - Start completed.
1141 [org.jobrunr.performance.Main.main()] INFO  o.j.d.JobRunrDashboardWebServer - JobRunr Pro Dashboard using PostgresStorageProvider started at http://localhost:8010/dashboard
44056 [org.jobrunr.performance.Main.main()] INFO  org.jobrunr.performance.Main - VACUUMED POSTGRES TABLES
44056 [org.jobrunr.performance.Main.main()] INFO  org.jobrunr.performance.Main - Enqueued all jobs - starting processing
44062 [org.jobrunr.performance.Main.main()] INFO  o.j.s.t.ScheduledThreadPoolJobRunrExecutor - ThreadManager of type 'ScheduledThreadPool' started
44064 [org.jobrunr.performance.Main.main()] INFO  org.jobrunr.performance.Main - Enqueued all jobs - processing started
44079 [backgroundjob-zookeeper-pool-2-thread-1] INFO  o.j.server.BackgroundJobServer - JobRunr Pro BackgroundJobServer (rdehuyss-NUC - 7284c70c-01ca-4852-876e-d34c3e489575) using PostgresStorageProvider and 32 BackgroundJobPerformers started successfully
44081 [backgroundjob-zookeeper-pool-2-thread-1] INFO  org.jobrunr.server.ServerZooKeeper - Server 7284c70c-01ca-4852-876e-d34c3e489575 is master (this BackgroundJobServer)
44085 [pool-5-thread-1] INFO  o.j.s.tasks.MigrateFromV5toV6Task - Start migration of recurring jobs from v5 to v6
44089 [pool-5-thread-1] INFO  o.j.s.tasks.MigrateFromV5toV6Task - Found 0 recurring jobs to migrate
44089 [pool-5-thread-1] INFO  o.j.s.tasks.MigrateFromV5toV6Task - Finished migration of recurring jobs from v5 to v6
44089 [pool-5-thread-1] INFO  o.j.s.tasks.MigrateFromV5toV6Task - Start migration of scheduled jobs from v5 to v6
44091 [pool-5-thread-1] INFO  o.j.s.tasks.MigrateFromV5toV6Task - Found 0 scheduled jobs to migrate.
44091 [pool-5-thread-1] INFO  o.j.s.tasks.MigrateFromV5toV6Task - Finished migration of scheduled jobs from v5 to v6
44094 [pool-5-thread-1] INFO  o.j.s.tasks.MigrateFromV6toV7Task - Start migration of batch jobs from v6 to v7
44098 [pool-5-thread-1] INFO  o.j.s.tasks.MigrateFromV6toV7Task - Finished migration of batch jobs from v6 to v7
45248 [backgroundjob-zookeeper-pool-3-thread-24] INFO  o.j.performance.PerformanceTestJob - 0ms / PT0S - processed 1 jobs / 23 index | Infinity jobs/sec (overall) | 3.3 jobs/sec (last 10 sec)
45455 [backgroundjob-zookeeper-pool-3-thread-27] INFO  o.j.performance.PerformanceTestJob - 264ms / PT0.264S - processed 291 jobs / 290 index | 1102.2727272727273 jobs/sec (overall) | 29.1 jobs/sec (last 10 sec)
46451 [backgroundjob-zookeeper-pool-3-thread-17] INFO  o.j.performance.PerformanceTestJob - 1259ms / PT1.259S - processed 2225 jobs / 2224 index | 1767.275615567911 jobs/sec (overall) | 222.5 jobs/sec (last 10 sec)
47448 [backgroundjob-zookeeper-pool-3-thread-21] INFO  o.j.performance.PerformanceTestJob - 2257ms / PT2.257S - processed 4474 jobs / 4474 index | 1982.2773593265397 jobs/sec (overall) | 447.6 jobs/sec (last 10 sec)
48448 [backgroundjob-zookeeper-pool-3-thread-10] INFO  o.j.performance.PerformanceTestJob - 3256ms / PT3.256S - processed 6853 jobs / 6852 index | 2104.7297297297296 jobs/sec (overall) | 685.3 jobs/sec (last 10 sec)
49445 [backgroundjob-zookeeper-pool-3-thread-11] INFO  o.j.performance.PerformanceTestJob - 4254ms / PT4.254S - processed 9379 jobs / 9379 index | 2204.7484720263283 jobs/sec (overall) | 938.0 jobs/sec (last 10 sec)
50449 [backgroundjob-zookeeper-pool-3-thread-28] INFO  o.j.performance.PerformanceTestJob - 5257ms / PT5.257S - processed 12042 jobs / 12041 index | 2290.660072284573 jobs/sec (overall) | 1204.8 jobs/sec (last 10 sec)
51446 [backgroundjob-zookeeper-pool-3-thread-28] INFO  o.j.performance.PerformanceTestJob - 6255ms / PT6.255S - processed 14795 jobs / 14794 index | 2365.3077537969625 jobs/sec (overall) | 1479.7 jobs/sec (last 10 sec)
52448 [backgroundjob-zookeeper-pool-3-thread-1] INFO  o.j.performance.PerformanceTestJob - 7257ms / PT7.257S - processed 17633 jobs / 17633 index | 2429.7919250378945 jobs/sec (overall) | 1763.5 jobs/sec (last 10 sec)
53446 [backgroundjob-zookeeper-pool-3-thread-2] INFO  o.j.performance.PerformanceTestJob - 8255ms / PT8.255S - processed 20523 jobs / 20522 index | 2486.129618413083 jobs/sec (overall) | 2052.5 jobs/sec (last 10 sec)
54448 [backgroundjob-zookeeper-pool-3-thread-10] INFO  o.j.performance.PerformanceTestJob - 9257ms / PT9.257S - processed 23185 jobs / 23184 index | 2504.591120233337 jobs/sec (overall) | 2318.6 jobs/sec (last 10 sec)
55448 [backgroundjob-zookeeper-pool-3-thread-4] INFO  o.j.performance.PerformanceTestJob - 10257ms / PT10.257S - processed 25008 jobs / 25007 index | 2438.1398069610996 jobs/sec (overall) | 2472.2 jobs/sec (last 10 sec)
56445 [backgroundjob-zookeeper-pool-3-thread-12] INFO  o.j.performance.PerformanceTestJob - 11254ms / PT11.254S - processed 26711 jobs / 26710 index | 2373.4672116580773 jobs/sec (overall) | 2448.8 jobs/sec (last 10 sec)
57445 [backgroundjob-zookeeper-pool-3-thread-18] INFO  o.j.performance.PerformanceTestJob - 12254ms / PT12.254S - processed 28161 jobs / 28160 index | 2298.1067406561124 jobs/sec (overall) | 2368.8 jobs/sec (last 10 sec)
58448 [backgroundjob-zookeeper-pool-3-thread-11] INFO  o.j.performance.PerformanceTestJob - 13257ms / PT13.257S - processed 30474 jobs / 30473 index | 2298.7101154107263 jobs/sec (overall) | 2362.4 jobs/sec (last 10 sec)
59445 [backgroundjob-zookeeper-pool-3-thread-11] INFO  o.j.performance.PerformanceTestJob - 14254ms / PT14.254S - processed 33038 jobs / 33037 index | 2317.8055282727655 jobs/sec (overall) | 2366.1 jobs/sec (last 10 sec)
60447 [backgroundjob-zookeeper-pool-3-thread-27] INFO  o.j.performance.PerformanceTestJob - 15256ms / PT15.256S - processed 35425 jobs / 35424 index | 2322.0372312532772 jobs/sec (overall) | 2338.6 jobs/sec (last 10 sec)
61445 [backgroundjob-zookeeper-pool-3-thread-12] INFO  o.j.performance.PerformanceTestJob - 16254ms / PT16.254S - processed 37588 jobs / 37588 index | 2312.538452073336 jobs/sec (overall) | 2279.4 jobs/sec (last 10 sec)
62454 [backgroundjob-zookeeper-pool-3-thread-24] INFO  o.j.performance.PerformanceTestJob - 17263ms / PT17.263S - processed 39369 jobs / 39368 index | 2280.542200081098 jobs/sec (overall) | 2173.7 jobs/sec (last 10 sec)
63446 [backgroundjob-zookeeper-pool-3-thread-26] INFO  o.j.performance.PerformanceTestJob - 18255ms / PT18.255S - processed 40929 jobs / 40929 index | 2242.0706655710765 jobs/sec (overall) | 2040.9 jobs/sec (last 10 sec)
64447 [backgroundjob-zookeeper-pool-3-thread-22] INFO  o.j.performance.PerformanceTestJob - 19255ms / PT19.255S - processed 41872 jobs / 41871 index | 2174.6039989613087 jobs/sec (overall) | 1869.0 jobs/sec (last 10 sec)
65446 [backgroundjob-zookeeper-pool-3-thread-23] INFO  o.j.performance.PerformanceTestJob - 20255ms / PT20.255S - processed 43559 jobs / 43560 index | 2150.530733152308 jobs/sec (overall) | 1855.5 jobs/sec (last 10 sec)
66453 [backgroundjob-zookeeper-pool-3-thread-21] INFO  o.j.performance.PerformanceTestJob - 21262ms / PT21.262S - processed 44832 jobs / 44831 index | 2108.550465619415 jobs/sec (overall) | 1812.4 jobs/sec (last 10 sec)
67448 [backgroundjob-zookeeper-pool-3-thread-15] INFO  o.j.performance.PerformanceTestJob - 22257ms / PT22.257S - processed 46437 jobs / 46436 index | 2086.399784337512 jobs/sec (overall) | 1828.0 jobs/sec (last 10 sec)
68445 [backgroundjob-zookeeper-pool-3-thread-16] INFO  o.j.performance.PerformanceTestJob - 23254ms / PT23.254S - processed 47554 jobs / 47553 index | 2044.9815085576674 jobs/sec (overall) | 1708.3 jobs/sec (last 10 sec)
69457 [backgroundjob-zookeeper-pool-3-thread-19] INFO  o.j.performance.PerformanceTestJob - 24266ms / PT24.266S - processed 49121 jobs / 49120 index | 2024.2726448528806 jobs/sec (overall) | 1608.5 jobs/sec (last 10 sec)
70446 [backgroundjob-zookeeper-pool-3-thread-19] INFO  o.j.performance.PerformanceTestJob - 25255ms / PT25.255S - processed 50711 jobs / 50710 index | 2007.9588200356366 jobs/sec (overall) | 1528.9 jobs/sec (last 10 sec)
71449 [backgroundjob-zookeeper-pool-3-thread-4] INFO  o.j.performance.PerformanceTestJob - 26258ms / PT26.258S - processed 52217 jobs / 52215 index | 1988.6129941351207 jobs/sec (overall) | 1463.2 jobs/sec (last 10 sec)
72445 [backgroundjob-zookeeper-pool-3-thread-32] INFO  o.j.performance.PerformanceTestJob - 27254ms / PT27.254S - processed 54073 jobs / 54072 index | 1984.0390401408968 jobs/sec (overall) | 1470.6 jobs/sec (last 10 sec)
73445 [backgroundjob-zookeeper-pool-3-thread-32] INFO  o.j.performance.PerformanceTestJob - 28254ms / PT28.254S - processed 55408 jobs / 55407 index | 1961.0674594747647 jobs/sec (overall) | 1448.0 jobs/sec (last 10 sec)
74450 [backgroundjob-zookeeper-pool-3-thread-30] INFO  o.j.performance.PerformanceTestJob - 29259ms / PT29.259S - processed 56844 jobs / 56843 index | 1942.7868348200554 jobs/sec (overall) | 1497.6 jobs/sec (last 10 sec)
75456 [backgroundjob-zookeeper-pool-3-thread-28] INFO  o.j.performance.PerformanceTestJob - 30265ms / PT30.265S - processed 58131 jobs / 58130 index | 1920.7335205683132 jobs/sec (overall) | 1457.4 jobs/sec (last 10 sec)
76452 [backgroundjob-zookeeper-pool-3-thread-27] INFO  o.j.performance.PerformanceTestJob - 31261ms / PT31.261S - processed 59308 jobs / 59307 index | 1897.1881897572055 jobs/sec (overall) | 1447.8 jobs/sec (last 10 sec)
77445 [backgroundjob-zookeeper-pool-3-thread-1] INFO  o.j.performance.PerformanceTestJob - 32254ms / PT32.254S - processed 60731 jobs / 60731 index | 1882.8982451788925 jobs/sec (overall) | 1429.5 jobs/sec (last 10 sec)
78447 [backgroundjob-zookeeper-pool-3-thread-10] INFO  o.j.performance.PerformanceTestJob - 33256ms / PT33.256S - processed 62319 jobs / 62318 index | 1873.9174885734906 jobs/sec (overall) | 1476.8 jobs/sec (last 10 sec)
79452 [backgroundjob-zookeeper-pool-3-thread-8] INFO  o.j.performance.PerformanceTestJob - 34261ms / PT34.261S - processed 63531 jobs / 63531 index | 1854.3241586643705 jobs/sec (overall) | 1441.3 jobs/sec (last 10 sec)
80454 [backgroundjob-zookeeper-pool-3-thread-1] INFO  o.j.performance.PerformanceTestJob - 35262ms / PT35.262S - processed 65138 jobs / 65137 index | 1847.2576711474107 jobs/sec (overall) | 1442.9 jobs/sec (last 10 sec)
81451 [backgroundjob-zookeeper-pool-3-thread-25] INFO  o.j.performance.PerformanceTestJob - 36260ms / PT36.26S - processed 66768 jobs / 66767 index | 1841.3678985107556 jobs/sec (overall) | 1455.6 jobs/sec (last 10 sec)
82447 [backgroundjob-zookeeper-pool-3-thread-5] INFO  o.j.performance.PerformanceTestJob - 37256ms / PT37.256S - processed 68098 jobs / 68098 index | 1827.8398110371484 jobs/sec (overall) | 1403.0 jobs/sec (last 10 sec)
83453 [backgroundjob-zookeeper-pool-3-thread-1] INFO  o.j.performance.PerformanceTestJob - 38262ms / PT38.262S - processed 69414 jobs / 69413 index | 1814.1759448016307 jobs/sec (overall) | 1400.9 jobs/sec (last 10 sec)
84453 [backgroundjob-zookeeper-pool-3-thread-20] INFO  o.j.performance.PerformanceTestJob - 39262ms / PT39.262S - processed 70941 jobs / 70940 index | 1806.8615964545872 jobs/sec (overall) | 1409.8 jobs/sec (last 10 sec)
85445 [backgroundjob-zookeeper-pool-3-thread-7] INFO  o.j.performance.PerformanceTestJob - 40254ms / PT40.254S - processed 72376 jobs / 72375 index | 1797.9828091618224 jobs/sec (overall) | 1424.6 jobs/sec (last 10 sec)
86448 [backgroundjob-zookeeper-pool-3-thread-4] INFO  o.j.performance.PerformanceTestJob - 41257ms / PT41.257S - processed 73643 jobs / 73642 index | 1784.9819424582495 jobs/sec (overall) | 1433.8 jobs/sec (last 10 sec)
87451 [backgroundjob-zookeeper-pool-3-thread-19] INFO  o.j.performance.PerformanceTestJob - 42260ms / PT42.26S - processed 75644 jobs / 75644 index | 1789.9668717463321 jobs/sec (overall) | 1491.7 jobs/sec (last 10 sec)
88448 [backgroundjob-zookeeper-pool-3-thread-5] INFO  o.j.performance.PerformanceTestJob - 43257ms / PT43.257S - processed 77084 jobs / 77083 index | 1782.000601058788 jobs/sec (overall) | 1476.8 jobs/sec (last 10 sec)
89455 [backgroundjob-zookeeper-pool-3-thread-17] INFO  o.j.performance.PerformanceTestJob - 44264ms / PT44.264S - processed 78314 jobs / 78314 index | 1769.2481474787637 jobs/sec (overall) | 1478.6 jobs/sec (last 10 sec)
90445 [backgroundjob-zookeeper-pool-3-thread-22] INFO  o.j.performance.PerformanceTestJob - 45254ms / PT45.254S - processed 79629 jobs / 79628 index | 1759.6013612056393 jobs/sec (overall) | 1449.3 jobs/sec (last 10 sec)
91451 [backgroundjob-zookeeper-pool-3-thread-13] INFO  o.j.performance.PerformanceTestJob - 46260ms / PT46.26S - processed 81343 jobs / 81342 index | 1758.3873757025508 jobs/sec (overall) | 1457.8 jobs/sec (last 10 sec)
92449 [backgroundjob-zookeeper-pool-3-thread-21] INFO  o.j.performance.PerformanceTestJob - 47258ms / PT47.258S - processed 82871 jobs / 82870 index | 1753.5866943163062 jobs/sec (overall) | 1477.6 jobs/sec (last 10 sec)
93445 [backgroundjob-zookeeper-pool-3-thread-19] INFO  o.j.performance.PerformanceTestJob - 48254ms / PT48.254S - processed 84330 jobs / 84329 index | 1747.627139718987 jobs/sec (overall) | 1491.9 jobs/sec (last 10 sec)
94446 [backgroundjob-zookeeper-pool-3-thread-22] INFO  o.j.performance.PerformanceTestJob - 49255ms / PT49.255S - processed 86043 jobs / 86042 index | 1746.8886407471323 jobs/sec (overall) | 1510.4 jobs/sec (last 10 sec)
95446 [backgroundjob-zookeeper-pool-3-thread-7] INFO  o.j.performance.PerformanceTestJob - 50255ms / PT50.255S - processed 87523 jobs / 87522 index | 1741.577952442543 jobs/sec (overall) | 1514.8 jobs/sec (last 10 sec)
96447 [backgroundjob-zookeeper-pool-3-thread-15] INFO  o.j.performance.PerformanceTestJob - 51256ms / PT51.256S - processed 88661 jobs / 88660 index | 1729.7682222569065 jobs/sec (overall) | 1502.1 jobs/sec (last 10 sec)
97452 [backgroundjob-zookeeper-pool-3-thread-1] INFO  o.j.performance.PerformanceTestJob - 52260ms / PT52.26S - processed 89984 jobs / 89983 index | 1721.8522770761576 jobs/sec (overall) | 1434.3 jobs/sec (last 10 sec)
98445 [backgroundjob-zookeeper-pool-3-thread-9] INFO  o.j.performance.PerformanceTestJob - 53254ms / PT53.254S - processed 91244 jobs / 91241 index | 1713.3736432944004 jobs/sec (overall) | 1416.1 jobs/sec (last 10 sec)
99454 [backgroundjob-zookeeper-pool-3-thread-3] INFO  o.j.performance.PerformanceTestJob - 54263ms / PT54.263S - processed 92719 jobs / 92718 index | 1708.6965335495643 jobs/sec (overall) | 1440.8 jobs/sec (last 10 sec)
100445 [backgroundjob-zookeeper-pool-3-thread-10] INFO  o.j.performance.PerformanceTestJob - 55254ms / PT55.254S - processed 94035 jobs / 94035 index | 1701.8677380823108 jobs/sec (overall) | 1440.7 jobs/sec (last 10 sec)
101445 [backgroundjob-zookeeper-pool-3-thread-14] INFO  o.j.performance.PerformanceTestJob - 56254ms / PT56.254S - processed 95264 jobs / 95262 index | 1693.461798272123 jobs/sec (overall) | 1392.2 jobs/sec (last 10 sec)
102448 [backgroundjob-zookeeper-pool-3-thread-5] INFO  o.j.performance.PerformanceTestJob - 57256ms / PT57.256S - processed 96804 jobs / 96803 index | 1690.7223697079783 jobs/sec (overall) | 1393.4 jobs/sec (last 10 sec)
103450 [backgroundjob-zookeeper-pool-3-thread-27] INFO  o.j.performance.PerformanceTestJob - 58259ms / PT58.259S - processed 98260 jobs / 98259 index | 1686.6063612489058 jobs/sec (overall) | 1393.1 jobs/sec (last 10 sec)
104445 [backgroundjob-zookeeper-pool-3-thread-3] INFO  o.j.performance.PerformanceTestJob - 59254ms / PT59.254S - processed 99737 jobs / 99736 index | 1683.211259999325 jobs/sec (overall) | 1369.8 jobs/sec (last 10 sec)
105445 [backgroundjob-zookeeper-pool-3-thread-30] INFO  o.j.performance.PerformanceTestJob - 60254ms / PT1M0.254S - processed 101349 jobs / 101348 index | 1682.0294088359278 jobs/sec (overall) | 1382.7 jobs/sec (last 10 sec)
106449 [backgroundjob-zookeeper-pool-3-thread-27] INFO  o.j.performance.PerformanceTestJob - 61258ms / PT1M1.258S - processed 103008 jobs / 103007 index | 1681.5436351170458 jobs/sec (overall) | 1435.0 jobs/sec (last 10 sec)
107447 [backgroundjob-zookeeper-pool-3-thread-27] INFO  o.j.performance.PerformanceTestJob - 62255ms / PT1M2.255S - processed 104889 jobs / 104888 index | 1684.82852782909 jobs/sec (overall) | 1492.0 jobs/sec (last 10 sec)
108450 [backgroundjob-zookeeper-pool-3-thread-6] INFO  o.j.performance.PerformanceTestJob - 63259ms / PT1M3.259S - processed 106110 jobs / 106109 index | 1677.3897785295374 jobs/sec (overall) | 1486.7 jobs/sec (last 10 sec)
109447 [backgroundjob-zookeeper-pool-3-thread-2] INFO  o.j.performance.PerformanceTestJob - 64255ms / PT1M4.255S - processed 107561 jobs / 107560 index | 1673.9708972064432 jobs/sec (overall) | 1484.5 jobs/sec (last 10 sec)
110452 [backgroundjob-zookeeper-pool-3-thread-20] INFO  o.j.performance.PerformanceTestJob - 65261ms / PT1M5.261S - processed 109098 jobs / 109098 index | 1671.7181777784588 jobs/sec (overall) | 1506.7 jobs/sec (last 10 sec)
111447 [backgroundjob-zookeeper-pool-3-thread-11] INFO  o.j.performance.PerformanceTestJob - 66256ms / PT1M6.256S - processed 111535 jobs / 111534 index | 1683.3947114223618 jobs/sec (overall) | 1627.2 jobs/sec (last 10 sec)
112451 [backgroundjob-zookeeper-pool-3-thread-28] INFO  o.j.performance.PerformanceTestJob - 67260ms / PT1M7.26S - processed 113107 jobs / 113106 index | 1681.638418079096 jobs/sec (overall) | 1630.4 jobs/sec (last 10 sec)
113452 [backgroundjob-zookeeper-pool-3-thread-18] INFO  o.j.performance.PerformanceTestJob - 68261ms / PT1M8.261S - processed 114267 jobs / 114267 index | 1673.9719605631326 jobs/sec (overall) | 1601.0 jobs/sec (last 10 sec)
114447 [backgroundjob-zookeeper-pool-3-thread-16] INFO  o.j.performance.PerformanceTestJob - 69256ms / PT1M9.256S - processed 115684 jobs / 115684 index | 1670.3823495437218 jobs/sec (overall) | 1595.0 jobs/sec (last 10 sec)
115447 [backgroundjob-zookeeper-pool-3-thread-20] INFO  o.j.performance.PerformanceTestJob - 70256ms / PT1M10.256S - processed 117485 jobs / 117485 index | 1672.241516738784 jobs/sec (overall) | 1613.9 jobs/sec (last 10 sec)
116445 [backgroundjob-zookeeper-pool-3-thread-22] INFO  o.j.performance.PerformanceTestJob - 71254ms / PT1M11.254S - processed 118708 jobs / 118707 index | 1665.9836640749993 jobs/sec (overall) | 1570.1 jobs/sec (last 10 sec)
117448 [backgroundjob-zookeeper-pool-3-thread-29] INFO  o.j.performance.PerformanceTestJob - 72257ms / PT1M12.257S - processed 119957 jobs / 119956 index | 1660.143653902044 jobs/sec (overall) | 1507.0 jobs/sec (last 10 sec)
118448 [backgroundjob-zookeeper-pool-3-thread-26] INFO  o.j.performance.PerformanceTestJob - 73257ms / PT1M13.257S - processed 121241 jobs / 121240 index | 1655.0090776308066 jobs/sec (overall) | 1513.3 jobs/sec (last 10 sec)
119445 [backgroundjob-zookeeper-pool-3-thread-27] INFO  o.j.performance.PerformanceTestJob - 74254ms / PT1M14.254S - processed 122546 jobs / 122545 index | 1650.362270046058 jobs/sec (overall) | 1498.7 jobs/sec (last 10 sec)
120454 [backgroundjob-zookeeper-pool-3-thread-19] INFO  o.j.performance.PerformanceTestJob - 75262ms / PT1M15.262S - processed 123746 jobs / 123744 index | 1644.202917807127 jobs/sec (overall) | 1465.0 jobs/sec (last 10 sec)
121445 [backgroundjob-zookeeper-pool-3-thread-30] INFO  o.j.performance.PerformanceTestJob - 76254ms / PT1M16.254S - processed 125017 jobs / 125016 index | 1639.4812075432108 jobs/sec (overall) | 1348.5 jobs/sec (last 10 sec)
122447 [backgroundjob-zookeeper-pool-3-thread-21] INFO  o.j.performance.PerformanceTestJob - 77256ms / PT1M17.256S - processed 126655 jobs / 126654 index | 1639.419592005799 jobs/sec (overall) | 1354.9 jobs/sec (last 10 sec)
123446 [backgroundjob-zookeeper-pool-3-thread-4] INFO  o.j.performance.PerformanceTestJob - 78255ms / PT1M18.255S - processed 128464 jobs / 128464 index | 1641.6075650118203 jobs/sec (overall) | 1420.0 jobs/sec (last 10 sec)
124445 [backgroundjob-zookeeper-pool-3-thread-17] INFO  o.j.performance.PerformanceTestJob - 79254ms / PT1M19.254S - processed 130216 jobs / 130215 index | 1643.0211724329372 jobs/sec (overall) | 1453.5 jobs/sec (last 10 sec)
125445 [backgroundjob-zookeeper-pool-3-thread-24] INFO  o.j.performance.PerformanceTestJob - 80254ms / PT1M20.254S - processed 131909 jobs / 131908 index | 1643.643930520597 jobs/sec (overall) | 1442.6 jobs/sec (last 10 sec)
126457 [backgroundjob-zookeeper-pool-3-thread-7] INFO  o.j.performance.PerformanceTestJob - 81266ms / PT1M21.266S - processed 133418 jobs / 133417 index | 1641.7443949499175 jobs/sec (overall) | 1471.2 jobs/sec (last 10 sec)
127446 [backgroundjob-zookeeper-pool-3-thread-2] INFO  o.j.performance.PerformanceTestJob - 82255ms / PT1M22.255S - processed 135112 jobs / 135111 index | 1642.5992340891132 jobs/sec (overall) | 1516.0 jobs/sec (last 10 sec)
128445 [backgroundjob-zookeeper-pool-3-thread-28] INFO  o.j.performance.PerformanceTestJob - 83254ms / PT1M23.254S - processed 137099 jobs / 137097 index | 1646.7557114372883 jobs/sec (overall) | 1586.0 jobs/sec (last 10 sec)
129450 [backgroundjob-zookeeper-pool-3-thread-12] INFO  o.j.performance.PerformanceTestJob - 84259ms / PT1M24.259S - processed 139074 jobs / 139073 index | 1650.553650055187 jobs/sec (overall) | 1653.0 jobs/sec (last 10 sec)
130447 [backgroundjob-zookeeper-pool-3-thread-20] INFO  o.j.performance.PerformanceTestJob - 85256ms / PT1M25.256S - processed 140355 jobs / 140354 index | 1646.2770948672235 jobs/sec (overall) | 1661.3 jobs/sec (last 10 sec)
131445 [backgroundjob-zookeeper-pool-3-thread-22] INFO  o.j.performance.PerformanceTestJob - 86254ms / PT1M26.254S - processed 141911 jobs / 141910 index | 1645.268625223178 jobs/sec (overall) | 1689.6 jobs/sec (last 10 sec)
132445 [backgroundjob-zookeeper-pool-3-thread-19] INFO  o.j.performance.PerformanceTestJob - 87254ms / PT1M27.254S - processed 143795 jobs / 143794 index | 1648.0046760033924 jobs/sec (overall) | 1714.3 jobs/sec (last 10 sec)
133453 [backgroundjob-zookeeper-pool-3-thread-6] INFO  o.j.performance.PerformanceTestJob - 88262ms / PT1M28.262S - processed 145332 jobs / 145331 index | 1646.597629784052 jobs/sec (overall) | 1686.9 jobs/sec (last 10 sec)
134448 [backgroundjob-zookeeper-pool-3-thread-8] INFO  o.j.performance.PerformanceTestJob - 89257ms / PT1M29.257S - processed 146805 jobs / 146805 index | 1644.7449499759123 jobs/sec (overall) | 1659.4 jobs/sec (last 10 sec)
135445 [backgroundjob-zookeeper-pool-3-thread-32] INFO  o.j.performance.PerformanceTestJob - 90254ms / PT1M30.254S - processed 148435 jobs / 148432 index | 1644.6362488089171 jobs/sec (overall) | 1652.7 jobs/sec (last 10 sec)
136445 [backgroundjob-zookeeper-pool-3-thread-23] INFO  o.j.performance.PerformanceTestJob - 91254ms / PT1M31.254S - processed 150143 jobs / 150143 index | 1645.3306156442457 jobs/sec (overall) | 1672.7 jobs/sec (last 10 sec)
137445 [backgroundjob-zookeeper-pool-3-thread-23] INFO  o.j.performance.PerformanceTestJob - 92254ms / PT1M32.254S - processed 151720 jobs / 151720 index | 1644.589936479719 jobs/sec (overall) | 1660.9 jobs/sec (last 10 sec)
138451 [backgroundjob-zookeeper-pool-3-thread-14] INFO  o.j.performance.PerformanceTestJob - 93260ms / PT1M33.26S - processed 153574 jobs / 153573 index | 1646.729573236114 jobs/sec (overall) | 1647.7 jobs/sec (last 10 sec)
139850 [backgroundjob-zookeeper-pool-3-thread-31] INFO  o.j.performance.PerformanceTestJob - 94659ms / PT1M34.659S - processed 153908 jobs / 153907 index | 1625.9204090472115 jobs/sec (overall) | 1483.5 jobs/sec (last 10 sec)
140454 [backgroundjob-zookeeper-pool-3-thread-27] INFO  o.j.performance.PerformanceTestJob - 95263ms / PT1M35.263S - processed 154415 jobs / 154415 index | 1620.9336258568385 jobs/sec (overall) | 1406.5 jobs/sec (last 10 sec)
141447 [backgroundjob-zookeeper-pool-3-thread-29] INFO  o.j.performance.PerformanceTestJob - 96256ms / PT1M36.256S - processed 155497 jobs / 155496 index | 1615.452543218085 jobs/sec (overall) | 1359.1 jobs/sec (last 10 sec)
142453 [backgroundjob-zookeeper-pool-3-thread-16] INFO  o.j.performance.PerformanceTestJob - 97262ms / PT1M37.262S - processed 156378 jobs / 156377 index | 1607.8016080278012 jobs/sec (overall) | 1258.6 jobs/sec (last 10 sec)
143447 [backgroundjob-zookeeper-pool-3-thread-4] INFO  o.j.performance.PerformanceTestJob - 98255ms / PT1M38.255S - processed 157297 jobs / 157296 index | 1600.905806320289 jobs/sec (overall) | 1196.8 jobs/sec (last 10 sec)
144446 [backgroundjob-zookeeper-pool-3-thread-7] INFO  o.j.performance.PerformanceTestJob - 99255ms / PT1M39.255S - processed 158225 jobs / 158226 index | 1594.1262404916629 jobs/sec (overall) | 1142.3 jobs/sec (last 10 sec)
145450 [backgroundjob-zookeeper-pool-3-thread-20] INFO  o.j.performance.PerformanceTestJob - 100259ms / PT1M40.259S - processed 159679 jobs / 159679 index | 1592.6649976560707 jobs/sec (overall) | 1124.7 jobs/sec (last 10 sec)
146450 [backgroundjob-zookeeper-pool-3-thread-7] INFO  o.j.performance.PerformanceTestJob - 101259ms / PT1M41.259S - processed 160540 jobs / 160539 index | 1585.4393189741158 jobs/sec (overall) | 1039.8 jobs/sec (last 10 sec)
147445 [backgroundjob-zookeeper-pool-3-thread-19] INFO  o.j.performance.PerformanceTestJob - 102254ms / PT1M42.254S - processed 161581 jobs / 161580 index | 1580.1924619085805 jobs/sec (overall) | 986.2 jobs/sec (last 10 sec)
148450 [backgroundjob-zookeeper-pool-3-thread-10] INFO  o.j.performance.PerformanceTestJob - 103259ms / PT1M43.259S - processed 162899 jobs / 162898 index | 1577.5767729689421 jobs/sec (overall) | 932.7 jobs/sec (last 10 sec)
149445 [backgroundjob-zookeeper-pool-3-thread-29] INFO  o.j.performance.PerformanceTestJob - 104254ms / PT1M44.254S - processed 163777 jobs / 163777 index | 1570.9421221248106 jobs/sec (overall) | 987.0 jobs/sec (last 10 sec)
150446 [backgroundjob-zookeeper-pool-3-thread-6] INFO  o.j.performance.PerformanceTestJob - 105255ms / PT1M45.255S - processed 164696 jobs / 164695 index | 1564.7332668281792 jobs/sec (overall) | 1028.2 jobs/sec (last 10 sec)
151445 [backgroundjob-zookeeper-pool-3-thread-27] INFO  o.j.performance.PerformanceTestJob - 106254ms / PT1M46.254S - processed 166219 jobs / 166218 index | 1564.3552242739097 jobs/sec (overall) | 1072.3 jobs/sec (last 10 sec)
152462 [backgroundjob-zookeeper-pool-3-thread-2] INFO  o.j.performance.PerformanceTestJob - 107270ms / PT1M47.27S - processed 167536 jobs / 167535 index | 1561.8159783723315 jobs/sec (overall) | 1116.4 jobs/sec (last 10 sec)
153447 [backgroundjob-zookeeper-pool-3-thread-4] INFO  o.j.performance.PerformanceTestJob - 108256ms / PT1M48.256S - processed 168378 jobs / 168377 index | 1555.368755542418 jobs/sec (overall) | 1108.5 jobs/sec (last 10 sec)
154445 [backgroundjob-zookeeper-pool-3-thread-12] INFO  o.j.performance.PerformanceTestJob - 109254ms / PT1M49.254S - processed 169305 jobs / 169304 index | 1549.6457795595584 jobs/sec (overall) | 1108.1 jobs/sec (last 10 sec)
155459 [backgroundjob-zookeeper-pool-3-thread-12] INFO  o.j.performance.PerformanceTestJob - 110267ms / PT1M50.267S - processed 170186 jobs / 170185 index | 1543.3992037508956 jobs/sec (overall) | 1050.9 jobs/sec (last 10 sec)
156445 [backgroundjob-zookeeper-pool-3-thread-29] INFO  o.j.performance.PerformanceTestJob - 111254ms / PT1M51.254S - processed 171030 jobs / 171030 index | 1537.2930411490822 jobs/sec (overall) | 1049.1 jobs/sec (last 10 sec)
157445 [backgroundjob-zookeeper-pool-3-thread-19] INFO  o.j.performance.PerformanceTestJob - 112254ms / PT1M52.254S - processed 171916 jobs / 171917 index | 1531.4910827231101 jobs/sec (overall) | 1033.7 jobs/sec (last 10 sec)
158448 [backgroundjob-zookeeper-pool-3-thread-21] INFO  o.j.performance.PerformanceTestJob - 113256ms / PT1M53.256S - processed 172832 jobs / 172831 index | 1526.029526029526 jobs/sec (overall) | 993.6 jobs/sec (last 10 sec)
159452 [backgroundjob-zookeeper-pool-3-thread-1] INFO  o.j.performance.PerformanceTestJob - 114260ms / PT1M54.26S - processed 173653 jobs / 173653 index | 1519.8057062839139 jobs/sec (overall) | 988.0 jobs/sec (last 10 sec)
160449 [backgroundjob-zookeeper-pool-3-thread-13] INFO  o.j.performance.PerformanceTestJob - 115258ms / PT1M55.258S - processed 174502 jobs / 174502 index | 1514.0120425480227 jobs/sec (overall) | 981.0 jobs/sec (last 10 sec)
161446 [backgroundjob-zookeeper-pool-3-thread-2] INFO  o.j.performance.PerformanceTestJob - 116255ms / PT1M56.255S - processed 175560 jobs / 175559 index | 1510.1285966195003 jobs/sec (overall) | 934.5 jobs/sec (last 10 sec)
162446 [backgroundjob-zookeeper-pool-3-thread-11] INFO  o.j.performance.PerformanceTestJob - 117254ms / PT1M57.254S - processed 176607 jobs / 176606 index | 1506.1916864243437 jobs/sec (overall) | 907.6 jobs/sec (last 10 sec)
163449 [backgroundjob-zookeeper-pool-3-thread-32] INFO  o.j.performance.PerformanceTestJob - 118258ms / PT1M58.258S - processed 177600 jobs / 177600 index | 1501.80114664547 jobs/sec (overall) | 922.6 jobs/sec (last 10 sec)
164445 [backgroundjob-zookeeper-pool-3-thread-13] INFO  o.j.performance.PerformanceTestJob - 119254ms / PT1M59.254S - processed 178655 jobs / 178654 index | 1498.1048853707214 jobs/sec (overall) | 935.2 jobs/sec (last 10 sec)
165445 [backgroundjob-zookeeper-pool-3-thread-11] INFO  o.j.performance.PerformanceTestJob - 120254ms / PT2M0.254S - processed 179459 jobs / 179459 index | 1492.3328953714638 jobs/sec (overall) | 927.4 jobs/sec (last 10 sec)
166445 [backgroundjob-zookeeper-pool-3-thread-15] INFO  o.j.performance.PerformanceTestJob - 121254ms / PT2M1.254S - processed 180411 jobs / 180411 index | 1487.8766886040873 jobs/sec (overall) | 938.2 jobs/sec (last 10 sec)
167453 [backgroundjob-zookeeper-pool-3-thread-20] INFO  o.j.performance.PerformanceTestJob - 122262ms / PT2M2.262S - processed 181534 jobs / 181533 index | 1484.7949485531074 jobs/sec (overall) | 962.0 jobs/sec (last 10 sec)
168445 [backgroundjob-zookeeper-pool-3-thread-15] INFO  o.j.performance.PerformanceTestJob - 123254ms / PT2M3.254S - processed 182410 jobs / 182409 index | 1479.9519691044509 jobs/sec (overall) | 957.9 jobs/sec (last 10 sec)
169457 [backgroundjob-zookeeper-pool-3-thread-28] INFO  o.j.performance.PerformanceTestJob - 124266ms / PT2M4.266S - processed 183226 jobs / 183225 index | 1474.466064732107 jobs/sec (overall) | 957.6 jobs/sec (last 10 sec)
170452 [backgroundjob-zookeeper-pool-3-thread-5] INFO  o.j.performance.PerformanceTestJob - 125261ms / PT2M5.261S - processed 184118 jobs / 184117 index | 1469.8749012062813 jobs/sec (overall) | 962.0 jobs/sec (last 10 sec)
171453 [backgroundjob-zookeeper-pool-3-thread-23] INFO  o.j.performance.PerformanceTestJob - 126262ms / PT2M6.262S - processed 185359 jobs / 185358 index | 1468.0505615307852 jobs/sec (overall) | 980.3 jobs/sec (last 10 sec)
172452 [backgroundjob-zookeeper-pool-3-thread-15] INFO  o.j.performance.PerformanceTestJob - 127260ms / PT2M7.26S - processed 186286 jobs / 186285 index | 1463.822096495364 jobs/sec (overall) | 968.2 jobs/sec (last 10 sec)
173452 [backgroundjob-zookeeper-pool-3-thread-7] INFO  o.j.performance.PerformanceTestJob - 128261ms / PT2M8.261S - processed 187170 jobs / 187169 index | 1459.290041399958 jobs/sec (overall) | 957.3 jobs/sec (last 10 sec)
174447 [backgroundjob-zookeeper-pool-3-thread-17] INFO  o.j.performance.PerformanceTestJob - 129256ms / PT2M9.256S - processed 188017 jobs / 188015 index | 1454.609457201213 jobs/sec (overall) | 936.4 jobs/sec (last 10 sec)
175445 [backgroundjob-zookeeper-pool-3-thread-26] INFO  o.j.performance.PerformanceTestJob - 130254ms / PT2M10.254S - processed 188868 jobs / 188865 index | 1449.9976968077756 jobs/sec (overall) | 941.0 jobs/sec (last 10 sec)
176449 [backgroundjob-zookeeper-pool-3-thread-15] INFO  o.j.performance.PerformanceTestJob - 131258ms / PT2M11.258S - processed 189863 jobs / 189862 index | 1446.4870712642278 jobs/sec (overall) | 945.5 jobs/sec (last 10 sec)
177456 [backgroundjob-zookeeper-pool-3-thread-29] INFO  o.j.performance.PerformanceTestJob - 132265ms / PT2M12.265S - processed 190680 jobs / 190679 index | 1441.6512304842552 jobs/sec (overall) | 915.0 jobs/sec (last 10 sec)
178458 [backgroundjob-zookeeper-pool-3-thread-30] INFO  o.j.performance.PerformanceTestJob - 133267ms / PT2M13.267S - processed 191482 jobs / 191482 index | 1436.8298228368612 jobs/sec (overall) | 907.6 jobs/sec (last 10 sec)
179445 [backgroundjob-zookeeper-pool-3-thread-3] INFO  o.j.performance.PerformanceTestJob - 134254ms / PT2M14.254S - processed 192230 jobs / 192229 index | 1431.8381575223084 jobs/sec (overall) | 900.5 jobs/sec (last 10 sec)
180449 [backgroundjob-zookeeper-pool-3-thread-17] INFO  o.j.performance.PerformanceTestJob - 135258ms / PT2M15.258S - processed 192997 jobs / 192996 index | 1426.880480267341 jobs/sec (overall) | 888.2 jobs/sec (last 10 sec)
181450 [backgroundjob-zookeeper-pool-3-thread-12] INFO  o.j.performance.PerformanceTestJob - 136259ms / PT2M16.259S - processed 193758 jobs / 193757 index | 1421.9831350589686 jobs/sec (overall) | 840.0 jobs/sec (last 10 sec)
182458 [backgroundjob-zookeeper-pool-3-thread-4] INFO  o.j.performance.PerformanceTestJob - 137267ms / PT2M17.267S - processed 194614 jobs / 194614 index | 1417.7770330815126 jobs/sec (overall) | 833.0 jobs/sec (last 10 sec)
183445 [backgroundjob-zookeeper-pool-3-thread-4] INFO  o.j.performance.PerformanceTestJob - 138254ms / PT2M18.254S - processed 195485 jobs / 195485 index | 1413.955473259363 jobs/sec (overall) | 831.7 jobs/sec (last 10 sec)
184449 [backgroundjob-zookeeper-pool-3-thread-12] INFO  o.j.performance.PerformanceTestJob - 139258ms / PT2M19.258S - processed 196249 jobs / 196248 index | 1409.2475836217668 jobs/sec (overall) | 823.7 jobs/sec (last 10 sec)
185446 [backgroundjob-zookeeper-pool-3-thread-14] INFO  o.j.performance.PerformanceTestJob - 140255ms / PT2M20.255S - processed 197015 jobs / 197014 index | 1404.6914548500945 jobs/sec (overall) | 815.0 jobs/sec (last 10 sec)
186447 [backgroundjob-zookeeper-pool-3-thread-22] INFO  o.j.performance.PerformanceTestJob - 141256ms / PT2M21.256S - processed 197826 jobs / 197825 index | 1400.4785637424252 jobs/sec (overall) | 796.5 jobs/sec (last 10 sec)
187455 [backgroundjob-zookeeper-pool-3-thread-5] INFO  o.j.performance.PerformanceTestJob - 142264ms / PT2M22.264S - processed 198595 jobs / 198594 index | 1395.9610301973796 jobs/sec (overall) | 791.7 jobs/sec (last 10 sec)
188458 [backgroundjob-zookeeper-pool-3-thread-7] INFO  o.j.performance.PerformanceTestJob - 143267ms / PT2M23.267S - processed 199248 jobs / 199246 index | 1390.7459498698236 jobs/sec (overall) | 776.7 jobs/sec (last 10 sec)
189461 [backgroundjob-zookeeper-pool-3-thread-32] INFO  o.j.performance.PerformanceTestJob - 144270ms / PT2M24.27S - processed 199854 jobs / 199853 index | 1385.2776044915784 jobs/sec (overall) | 762.5 jobs/sec (last 10 sec)
190447 [backgroundjob-zookeeper-pool-3-thread-28] INFO  o.j.performance.PerformanceTestJob - 145256ms / PT2M25.256S - processed 200682 jobs / 200681 index | 1381.5745993280827 jobs/sec (overall) | 768.7 jobs/sec (last 10 sec)
191447 [backgroundjob-zookeeper-pool-3-thread-26] INFO  o.j.performance.PerformanceTestJob - 146255ms / PT2M26.255S - processed 202200 jobs / 202198 index | 1382.5168370312126 jobs/sec (overall) | 844.3 jobs/sec (last 10 sec)
192445 [backgroundjob-zookeeper-pool-3-thread-22] INFO  o.j.performance.PerformanceTestJob - 147254ms / PT2M27.254S - processed 203241 jobs / 203241 index | 1380.2069892838226 jobs/sec (overall) | 862.8 jobs/sec (last 10 sec)
193446 [backgroundjob-zookeeper-pool-3-thread-13] INFO  o.j.performance.PerformanceTestJob - 148255ms / PT2M28.255S - processed 204228 jobs / 204227 index | 1377.5454453475431 jobs/sec (overall) | 874.6 jobs/sec (last 10 sec)
194456 [backgroundjob-zookeeper-pool-3-thread-27] INFO  o.j.performance.PerformanceTestJob - 149265ms / PT2M29.265S - processed 205217 jobs / 205216 index | 1374.8500988175392 jobs/sec (overall) | 896.9 jobs/sec (last 10 sec)
195452 [backgroundjob-zookeeper-pool-3-thread-21] INFO  o.j.performance.PerformanceTestJob - 150261ms / PT2M30.261S - processed 206210 jobs / 206209 index | 1372.3454522464247 jobs/sec (overall) | 919.9 jobs/sec (last 10 sec)
196445 [backgroundjob-zookeeper-pool-3-thread-28] INFO  o.j.performance.PerformanceTestJob - 151254ms / PT2M31.254S - processed 207194 jobs / 207193 index | 1369.8414587382813 jobs/sec (overall) | 937.0 jobs/sec (last 10 sec)
197451 [backgroundjob-zookeeper-pool-3-thread-2] INFO  o.j.performance.PerformanceTestJob - 152260ms / PT2M32.26S - processed 208208 jobs / 208207 index | 1367.4504137659267 jobs/sec (overall) | 961.6 jobs/sec (last 10 sec)
198446 [backgroundjob-zookeeper-pool-3-thread-3] INFO  o.j.performance.PerformanceTestJob - 153255ms / PT2M33.255S - processed 209061 jobs / 209060 index | 1364.1382010374866 jobs/sec (overall) | 981.8 jobs/sec (last 10 sec)
199459 [backgroundjob-zookeeper-pool-3-thread-8] INFO  o.j.performance.PerformanceTestJob - 154268ms / PT2M34.268S - processed 209864 jobs / 209863 index | 1360.385822075868 jobs/sec (overall) | 1001.4 jobs/sec (last 10 sec)
200450 [backgroundjob-zookeeper-pool-3-thread-8] INFO  o.j.performance.PerformanceTestJob - 155258ms / PT2M35.258S - processed 210664 jobs / 210663 index | 1356.864058534826 jobs/sec (overall) | 998.5 jobs/sec (last 10 sec)
201447 [backgroundjob-zookeeper-pool-3-thread-6] INFO  o.j.performance.PerformanceTestJob - 156256ms / PT2M36.256S - processed 211474 jobs / 211473 index | 1353.3816301454024 jobs/sec (overall) | 928.0 jobs/sec (last 10 sec)
202445 [backgroundjob-zookeeper-pool-3-thread-8] INFO  o.j.performance.PerformanceTestJob - 157254ms / PT2M37.254S - processed 212317 jobs / 212316 index | 1350.15325524311 jobs/sec (overall) | 907.7 jobs/sec (last 10 sec)
203445 [backgroundjob-zookeeper-pool-3-thread-1] INFO  o.j.performance.PerformanceTestJob - 158254ms / PT2M38.254S - processed 213188 jobs / 213187 index | 1347.1255070961872 jobs/sec (overall) | 896.1 jobs/sec (last 10 sec)
204449 [backgroundjob-zookeeper-pool-3-thread-2] INFO  o.j.performance.PerformanceTestJob - 159258ms / PT2M39.258S - processed 213992 jobs / 213991 index | 1343.6813221313844 jobs/sec (overall) | 877.7 jobs/sec (last 10 sec)
205445 [backgroundjob-zookeeper-pool-3-thread-1] INFO  o.j.performance.PerformanceTestJob - 160254ms / PT2M40.254S - processed 214819 jobs / 214813 index | 1340.4907209804435 jobs/sec (overall) | 861.0 jobs/sec (last 10 sec)
206445 [backgroundjob-zookeeper-pool-3-thread-2] INFO  o.j.performance.PerformanceTestJob - 161254ms / PT2M41.254S - processed 215620 jobs / 215620 index | 1337.1451250821685 jobs/sec (overall) | 842.7 jobs/sec (last 10 sec)
207446 [backgroundjob-zookeeper-pool-3-thread-4] INFO  o.j.performance.PerformanceTestJob - 162254ms / PT2M42.254S - processed 216422 jobs / 216421 index | 1333.846931354543 jobs/sec (overall) | 821.6 jobs/sec (last 10 sec)
208455 [backgroundjob-zookeeper-pool-3-thread-14] INFO  o.j.performance.PerformanceTestJob - 163264ms / PT2M43.264S - processed 217242 jobs / 217241 index | 1330.6178949431596 jobs/sec (overall) | 818.2 jobs/sec (last 10 sec)
209448 [backgroundjob-zookeeper-pool-3-thread-18] INFO  o.j.performance.PerformanceTestJob - 164257ms / PT2M44.257S - processed 218044 jobs / 218043 index | 1327.4563641123361 jobs/sec (overall) | 818.3 jobs/sec (last 10 sec)
210446 [backgroundjob-zookeeper-pool-3-thread-18] INFO  o.j.performance.PerformanceTestJob - 165254ms / PT2M45.254S - processed 218870 jobs / 218869 index | 1324.4460043327242 jobs/sec (overall) | 820.9 jobs/sec (last 10 sec)
211448 [backgroundjob-zookeeper-pool-3-thread-4] INFO  o.j.performance.PerformanceTestJob - 166257ms / PT2M46.257S - processed 219667 jobs / 219666 index | 1321.2496315944593 jobs/sec (overall) | 819.6 jobs/sec (last 10 sec)
212452 [backgroundjob-zookeeper-pool-3-thread-11] INFO  o.j.performance.PerformanceTestJob - 167261ms / PT2M47.261S - processed 220473 jobs / 220472 index | 1318.1375215979815 jobs/sec (overall) | 815.7 jobs/sec (last 10 sec)
213455 [backgroundjob-zookeeper-pool-3-thread-25] INFO  o.j.performance.PerformanceTestJob - 168264ms / PT2M48.264S - processed 221299 jobs / 221298 index | 1315.189226453668 jobs/sec (overall) | 811.3 jobs/sec (last 10 sec)
214445 [backgroundjob-zookeeper-pool-3-thread-7] INFO  o.j.performance.PerformanceTestJob - 169254ms / PT2M49.254S - processed 222108 jobs / 222105 index | 1312.2762239001736 jobs/sec (overall) | 811.9 jobs/sec (last 10 sec)
215445 [backgroundjob-zookeeper-pool-3-thread-11] INFO  o.j.performance.PerformanceTestJob - 170254ms / PT2M50.254S - processed 222918 jobs / 222917 index | 1309.3260657605695 jobs/sec (overall) | 810.1 jobs/sec (last 10 sec)
216445 [backgroundjob-zookeeper-pool-3-thread-26] INFO  o.j.performance.PerformanceTestJob - 171254ms / PT2M51.254S - processed 223791 jobs / 223790 index | 1306.7782358368272 jobs/sec (overall) | 817.2 jobs/sec (last 10 sec)
217445 [backgroundjob-zookeeper-pool-3-thread-6] INFO  o.j.performance.PerformanceTestJob - 172254ms / PT2M52.254S - processed 224604 jobs / 224604 index | 1303.9116653314293 jobs/sec (overall) | 818.3 jobs/sec (last 10 sec)
218457 [backgroundjob-zookeeper-pool-3-thread-20] INFO  o.j.performance.PerformanceTestJob - 173266ms / PT2M53.266S - processed 225411 jobs / 225410 index | 1300.9534473006822 jobs/sec (overall) | 817.2 jobs/sec (last 10 sec)
219445 [backgroundjob-zookeeper-pool-3-thread-10] INFO  o.j.performance.PerformanceTestJob - 174254ms / PT2M54.254S - processed 226209 jobs / 226208 index | 1298.1567137626682 jobs/sec (overall) | 816.7 jobs/sec (last 10 sec)
220452 [backgroundjob-zookeeper-pool-3-thread-4] INFO  o.j.performance.PerformanceTestJob - 175259ms / PT2M55.259S - processed 226947 jobs / 226946 index | 1294.9235132004633 jobs/sec (overall) | 808.8 jobs/sec (last 10 sec)
221450 [backgroundjob-zookeeper-pool-3-thread-22] INFO  o.j.performance.PerformanceTestJob - 176259ms / PT2M56.259S - processed 227746 jobs / 227745 index | 1292.1099064444936 jobs/sec (overall) | 808.3 jobs/sec (last 10 sec)
222453 [backgroundjob-zookeeper-pool-3-thread-25] INFO  o.j.performance.PerformanceTestJob - 177262ms / PT2M57.262S - processed 228551 jobs / 228550 index | 1289.340072886462 jobs/sec (overall) | 808.2 jobs/sec (last 10 sec)
223453 [backgroundjob-zookeeper-pool-3-thread-8] INFO  o.j.performance.PerformanceTestJob - 178261ms / PT2M58.261S - processed 229360 jobs / 229358 index | 1286.6527170833776 jobs/sec (overall) | 806.2 jobs/sec (last 10 sec)
224460 [backgroundjob-zookeeper-pool-3-thread-20] INFO  o.j.performance.PerformanceTestJob - 179269ms / PT2M59.269S - processed 230184 jobs / 230183 index | 1284.0145256569735 jobs/sec (overall) | 807.9 jobs/sec (last 10 sec)
225459 [backgroundjob-zookeeper-pool-3-thread-28] INFO  o.j.performance.PerformanceTestJob - 180268ms / PT3M0.268S - processed 230987 jobs / 230986 index | 1281.3533183926154 jobs/sec (overall) | 807.0 jobs/sec (last 10 sec)
226445 [backgroundjob-zookeeper-pool-3-thread-10] INFO  o.j.performance.PerformanceTestJob - 181254ms / PT3M1.254S - processed 231788 jobs / 231788 index | 1278.8021229876306 jobs/sec (overall) | 799.8 jobs/sec (last 10 sec)
227445 [backgroundjob-zookeeper-pool-3-thread-9] INFO  o.j.performance.PerformanceTestJob - 182254ms / PT3M2.254S - processed 232595 jobs / 232594 index | 1276.2134164407914 jobs/sec (overall) | 799.2 jobs/sec (last 10 sec)
228451 [backgroundjob-zookeeper-pool-3-thread-11] INFO  o.j.performance.PerformanceTestJob - 183260ms / PT3M3.26S - processed 233496 jobs / 233496 index | 1274.1241951325985 jobs/sec (overall) | 809.0 jobs/sec (last 10 sec)
229459 [backgroundjob-zookeeper-pool-3-thread-19] INFO  o.j.performance.PerformanceTestJob - 184268ms / PT3M4.268S - processed 234314 jobs / 234313 index | 1271.5935485271452 jobs/sec (overall) | 810.9 jobs/sec (last 10 sec)
230445 [backgroundjob-zookeeper-pool-3-thread-14] INFO  o.j.performance.PerformanceTestJob - 185254ms / PT3M5.254S - processed 235112 jobs / 235111 index | 1269.1331901065564 jobs/sec (overall) | 816.6 jobs/sec (last 10 sec)
231457 [backgroundjob-zookeeper-pool-3-thread-8] INFO  o.j.performance.PerformanceTestJob - 186266ms / PT3M6.266S - processed 235912 jobs / 235911 index | 1266.5328079198566 jobs/sec (overall) | 816.7 jobs/sec (last 10 sec)
232452 [backgroundjob-zookeeper-pool-3-thread-20] INFO  o.j.performance.PerformanceTestJob - 187261ms / PT3M7.261S - processed 236704 jobs / 236703 index | 1264.0325534948547 jobs/sec (overall) | 815.4 jobs/sec (last 10 sec)
233446 [backgroundjob-zookeeper-pool-3-thread-3] INFO  o.j.performance.PerformanceTestJob - 188255ms / PT3M8.255S - processed 237509 jobs / 237508 index | 1261.634485139837 jobs/sec (overall) | 815.1 jobs/sec (last 10 sec)
234445 [backgroundjob-zookeeper-pool-3-thread-9] INFO  o.j.performance.PerformanceTestJob - 189254ms / PT3M9.254S - processed 238384 jobs / 238384 index | 1259.5982119268285 jobs/sec (overall) | 820.3 jobs/sec (last 10 sec)
235459 [backgroundjob-zookeeper-pool-3-thread-2] INFO  o.j.performance.PerformanceTestJob - 190268ms / PT3M10.268S - processed 239176 jobs / 239175 index | 1257.0479534130804 jobs/sec (overall) | 819.0 jobs/sec (last 10 sec)
236452 [backgroundjob-zookeeper-pool-3-thread-2] INFO  o.j.performance.PerformanceTestJob - 191261ms / PT3M11.261S - processed 239969 jobs / 239968 index | 1254.6677053868798 jobs/sec (overall) | 818.5 jobs/sec (last 10 sec)
237448 [backgroundjob-zookeeper-pool-3-thread-29] INFO  o.j.performance.PerformanceTestJob - 192257ms / PT3M12.257S - processed 240737 jobs / 240736 index | 1252.162470027099 jobs/sec (overall) | 814.5 jobs/sec (last 10 sec)
238446 [backgroundjob-zookeeper-pool-3-thread-11] INFO  o.j.performance.PerformanceTestJob - 193254ms / PT3M13.254S - processed 241583 jobs / 241583 index | 1250.0802053256336 jobs/sec (overall) | 808.8 jobs/sec (last 10 sec)
239445 [backgroundjob-zookeeper-pool-3-thread-29] INFO  o.j.performance.PerformanceTestJob - 194254ms / PT3M14.254S - processed 242893 jobs / 242892 index | 1250.3886663852481 jobs/sec (overall) | 858.1 jobs/sec (last 10 sec)
240445 [backgroundjob-zookeeper-pool-3-thread-22] INFO  o.j.performance.PerformanceTestJob - 195254ms / PT3M15.254S - processed 244001 jobs / 244000 index | 1249.659417988876 jobs/sec (overall) | 889.2 jobs/sec (last 10 sec)
241446 [backgroundjob-zookeeper-pool-3-thread-23] INFO  o.j.performance.PerformanceTestJob - 196255ms / PT3M16.255S - processed 245155 jobs / 245154 index | 1249.1656263534687 jobs/sec (overall) | 924.5 jobs/sec (last 10 sec)
242455 [backgroundjob-zookeeper-pool-3-thread-7] INFO  o.j.performance.PerformanceTestJob - 197264ms / PT3M17.264S - processed 246096 jobs / 246095 index | 1247.5464352340011 jobs/sec (overall) | 939.3 jobs/sec (last 10 sec)
243452 [backgroundjob-zookeeper-pool-3-thread-13] INFO  o.j.performance.PerformanceTestJob - 198261ms / PT3M18.261S - processed 246935 jobs / 246934 index | 1245.5046630451777 jobs/sec (overall) | 943.0 jobs/sec (last 10 sec)
244445 [backgroundjob-zookeeper-pool-3-thread-14] INFO  o.j.performance.PerformanceTestJob - 199254ms / PT3M19.254S - processed 247775 jobs / 247774 index | 1243.5133046262558 jobs/sec (overall) | 939.2 jobs/sec (last 10 sec)
245454 [backgroundjob-zookeeper-pool-3-thread-17] INFO  o.j.performance.PerformanceTestJob - 200262ms / PT3M20.262S - processed 248667 jobs / 248666 index | 1241.7083620457202 jobs/sec (overall) | 949.2 jobs/sec (last 10 sec)
246456 [backgroundjob-zookeeper-pool-3-thread-32] INFO  o.j.performance.PerformanceTestJob - 201265ms / PT3M21.265S - processed 249311 jobs / 249310 index | 1238.7200953966164 jobs/sec (overall) | 934.5 jobs/sec (last 10 sec)
247451 [backgroundjob-zookeeper-pool-3-thread-20] INFO  o.j.performance.PerformanceTestJob - 202260ms / PT3M22.26S - processed 250152 jobs / 250150 index | 1236.7843369919906 jobs/sec (overall) | 941.8 jobs/sec (last 10 sec)
248448 [backgroundjob-zookeeper-pool-3-thread-4] INFO  o.j.performance.PerformanceTestJob - 203257ms / PT3M23.257S - processed 250961 jobs / 250960 index | 1234.6979439822492 jobs/sec (overall) | 938.2 jobs/sec (last 10 sec)
249457 [backgroundjob-zookeeper-pool-3-thread-7] INFO  o.j.performance.PerformanceTestJob - 204266ms / PT3M24.266S - processed 251753 jobs / 251753 index | 1232.4762809278097 jobs/sec (overall) | 886.5 jobs/sec (last 10 sec)
250445 [backgroundjob-zookeeper-pool-3-thread-5] INFO  o.j.performance.PerformanceTestJob - 205254ms / PT3M25.254S - processed 252545 jobs / 252544 index | 1230.402330770655 jobs/sec (overall) | 854.5 jobs/sec (last 10 sec)
251456 [backgroundjob-zookeeper-pool-3-thread-29] INFO  o.j.performance.PerformanceTestJob - 206265ms / PT3M26.265S - processed 253394 jobs / 253393 index | 1228.487625142414 jobs/sec (overall) | 824.3 jobs/sec (last 10 sec)
252445 [backgroundjob-zookeeper-pool-3-thread-2] INFO  o.j.performance.PerformanceTestJob - 207254ms / PT3M27.254S - processed 254231 jobs / 254230 index | 1226.6639003348548 jobs/sec (overall) | 813.6 jobs/sec (last 10 sec)
253461 [backgroundjob-zookeeper-pool-3-thread-6] INFO  o.j.performance.PerformanceTestJob - 208270ms / PT3M28.27S - processed 255042 jobs / 255041 index | 1224.5738704566188 jobs/sec (overall) | 811.1 jobs/sec (last 10 sec)
254446 [backgroundjob-zookeeper-pool-3-thread-28] INFO  o.j.performance.PerformanceTestJob - 209254ms / PT3M29.254S - processed 255832 jobs / 255831 index | 1222.590727058981 jobs/sec (overall) | 805.9 jobs/sec (last 10 sec)
255445 [backgroundjob-zookeeper-pool-3-thread-13] INFO  o.j.performance.PerformanceTestJob - 210254ms / PT3M30.254S - processed 256808 jobs / 256808 index | 1221.4179040589001 jobs/sec (overall) | 814.2 jobs/sec (last 10 sec)
256450 [backgroundjob-zookeeper-pool-3-thread-29] INFO  o.j.performance.PerformanceTestJob - 211259ms / PT3M31.259S - processed 257553 jobs / 257552 index | 1219.1338593858723 jobs/sec (overall) | 824.4 jobs/sec (last 10 sec)
257448 [backgroundjob-zookeeper-pool-3-thread-31] INFO  o.j.performance.PerformanceTestJob - 212257ms / PT3M32.257S - processed 258349 jobs / 258348 index | 1217.1518489378443 jobs/sec (overall) | 819.9 jobs/sec (last 10 sec)
258459 [backgroundjob-zookeeper-pool-3-thread-9] INFO  o.j.performance.PerformanceTestJob - 213267ms / PT3M33.267S - processed 259164 jobs / 259163 index | 1215.2091040808002 jobs/sec (overall) | 820.7 jobs/sec (last 10 sec)
259445 [backgroundjob-zookeeper-pool-3-thread-8] INFO  o.j.performance.PerformanceTestJob - 214254ms / PT3M34.254S - processed 260226 jobs / 260226 index | 1214.567756027892 jobs/sec (overall) | 847.4 jobs/sec (last 10 sec)
260445 [backgroundjob-zookeeper-pool-3-thread-23] INFO  o.j.performance.PerformanceTestJob - 215254ms / PT3M35.254S - processed 261073 jobs / 261072 index | 1212.8601559088333 jobs/sec (overall) | 852.9 jobs/sec (last 10 sec)
261448 [backgroundjob-zookeeper-pool-3-thread-12] INFO  o.j.performance.PerformanceTestJob - 216257ms / PT3M36.257S - processed 261846 jobs / 261845 index | 1210.8093610842654 jobs/sec (overall) | 845.6 jobs/sec (last 10 sec)
262445 [backgroundjob-zookeeper-pool-3-thread-32] INFO  o.j.performance.PerformanceTestJob - 217254ms / PT3M37.254S - processed 262629 jobs / 262628 index | 1208.8569140268994 jobs/sec (overall) | 840.0 jobs/sec (last 10 sec)
263445 [backgroundjob-zookeeper-pool-3-thread-20] INFO  o.j.performance.PerformanceTestJob - 218254ms / PT3M38.254S - processed 263413 jobs / 263412 index | 1206.910297176684 jobs/sec (overall) | 837.2 jobs/sec (last 10 sec)
264446 [backgroundjob-zookeeper-pool-3-thread-27] INFO  o.j.performance.PerformanceTestJob - 219254ms / PT3M39.254S - processed 264220 jobs / 264220 index | 1205.0863382195992 jobs/sec (overall) | 839.2 jobs/sec (last 10 sec)
265460 [backgroundjob-zookeeper-pool-3-thread-17] INFO  o.j.performance.PerformanceTestJob - 220268ms / PT3M40.268S - processed 265004 jobs / 265003 index | 1203.098044200701 jobs/sec (overall) | 819.8 jobs/sec (last 10 sec)
266455 [backgroundjob-zookeeper-pool-3-thread-26] INFO  o.j.performance.PerformanceTestJob - 221263ms / PT3M41.263S - processed 265771 jobs / 265770 index | 1201.1542824602395 jobs/sec (overall) | 822.0 jobs/sec (last 10 sec)
267460 [backgroundjob-zookeeper-pool-3-thread-20] INFO  o.j.performance.PerformanceTestJob - 222269ms / PT3M42.269S - processed 266549 jobs / 266549 index | 1199.2180645974022 jobs/sec (overall) | 820.4 jobs/sec (last 10 sec)
268450 [backgroundjob-zookeeper-pool-3-thread-15] INFO  o.j.performance.PerformanceTestJob - 223259ms / PT3M43.259S - processed 267327 jobs / 267326 index | 1197.3850998168048 jobs/sec (overall) | 816.4 jobs/sec (last 10 sec)
269461 [backgroundjob-zookeeper-pool-3-thread-31] INFO  o.j.performance.PerformanceTestJob - 224270ms / PT3M44.27S - processed 268109 jobs / 268108 index | 1195.4742051990904 jobs/sec (overall) | 788.6 jobs/sec (last 10 sec)
270445 [backgroundjob-zookeeper-pool-3-thread-23] INFO  o.j.performance.PerformanceTestJob - 225254ms / PT3M45.254S - processed 268910 jobs / 268909 index | 1193.8078791053656 jobs/sec (overall) | 783.8 jobs/sec (last 10 sec)
271445 [backgroundjob-zookeeper-pool-3-thread-22] INFO  o.j.performance.PerformanceTestJob - 226254ms / PT3M46.254S - processed 269692 jobs / 269691 index | 1191.9877659621488 jobs/sec (overall) | 784.7 jobs/sec (last 10 sec)
272449 [backgroundjob-zookeeper-pool-3-thread-25] INFO  o.j.performance.PerformanceTestJob - 227258ms / PT3M47.258S - processed 270476 jobs / 270476 index | 1190.1715231146977 jobs/sec (overall) | 785.0 jobs/sec (last 10 sec)
273445 [backgroundjob-zookeeper-pool-3-thread-20] INFO  o.j.performance.PerformanceTestJob - 228254ms / PT3M48.254S - processed 271282 jobs / 271281 index | 1188.5092922796534 jobs/sec (overall) | 787.1 jobs/sec (last 10 sec)
274445 [backgroundjob-zookeeper-pool-3-thread-8] INFO  o.j.performance.PerformanceTestJob - 229254ms / PT3M49.254S - processed 272133 jobs / 272132 index | 1187.0370855034155 jobs/sec (overall) | 791.4 jobs/sec (last 10 sec)
275445 [backgroundjob-zookeeper-pool-3-thread-29] INFO  o.j.performance.PerformanceTestJob - 230254ms / PT3M50.254S - processed 272924 jobs / 272925 index | 1185.3170846109078 jobs/sec (overall) | 792.2 jobs/sec (last 10 sec)
276447 [backgroundjob-zookeeper-pool-3-thread-8] INFO  o.j.performance.PerformanceTestJob - 231256ms / PT3M51.256S - processed 273712 jobs / 273711 index | 1183.5887501297263 jobs/sec (overall) | 794.4 jobs/sec (last 10 sec)
277446 [backgroundjob-zookeeper-pool-3-thread-29] INFO  o.j.performance.PerformanceTestJob - 232254ms / PT3M52.254S - processed 274759 jobs / 274758 index | 1183.0108415786165 jobs/sec (overall) | 821.2 jobs/sec (last 10 sec)
278457 [backgroundjob-zookeeper-pool-3-thread-31] INFO  o.j.performance.PerformanceTestJob - 233266ms / PT3M53.266S - processed 275553 jobs / 275552 index | 1181.2823128960072 jobs/sec (overall) | 823.0 jobs/sec (last 10 sec)
279452 [backgroundjob-zookeeper-pool-3-thread-12] INFO  o.j.performance.PerformanceTestJob - 234260ms / PT3M54.26S - processed 276323 jobs / 276322 index | 1179.5569025868692 jobs/sec (overall) | 821.8 jobs/sec (last 10 sec)
280445 [backgroundjob-zookeeper-pool-3-thread-1] INFO  o.j.performance.PerformanceTestJob - 235254ms / PT3M55.254S - processed 277324 jobs / 277320 index | 1178.8279901723245 jobs/sec (overall) | 841.5 jobs/sec (last 10 sec)
281451 [backgroundjob-zookeeper-pool-3-thread-25] INFO  o.j.performance.PerformanceTestJob - 236260ms / PT3M56.26S - processed 278185 jobs / 278184 index | 1177.4528062304241 jobs/sec (overall) | 849.5 jobs/sec (last 10 sec)
282453 [backgroundjob-zookeeper-pool-3-thread-1] INFO  o.j.performance.PerformanceTestJob - 237262ms / PT3M57.262S - processed 279175 jobs / 279174 index | 1176.6528141885342 jobs/sec (overall) | 870.0 jobs/sec (last 10 sec)
283455 [backgroundjob-zookeeper-pool-3-thread-25] INFO  o.j.performance.PerformanceTestJob - 238263ms / PT3M58.263S - processed 280072 jobs / 280071 index | 1175.4741609062255 jobs/sec (overall) | 879.2 jobs/sec (last 10 sec)
284445 [backgroundjob-zookeeper-pool-3-thread-10] INFO  o.j.performance.PerformanceTestJob - 239254ms / PT3M59.254S - processed 280842 jobs / 280842 index | 1173.823635132537 jobs/sec (overall) | 871.1 jobs/sec (last 10 sec)
285452 [backgroundjob-zookeeper-pool-3-thread-7] INFO  o.j.performance.PerformanceTestJob - 240260ms / PT4M0.26S - processed 281725 jobs / 281724 index | 1172.5838674769 jobs/sec (overall) | 880.2 jobs/sec (last 10 sec)
286447 [backgroundjob-zookeeper-pool-3-thread-14] INFO  o.j.performance.PerformanceTestJob - 241256ms / PT4M1.256S - processed 282504 jobs / 282503 index | 1170.9719136518884 jobs/sec (overall) | 879.3 jobs/sec (last 10 sec)
287455 [backgroundjob-zookeeper-pool-3-thread-20] INFO  o.j.performance.PerformanceTestJob - 242264ms / PT4M2.264S - processed 283286 jobs / 283285 index | 1169.3276755935674 jobs/sec (overall) | 853.1 jobs/sec (last 10 sec)
288447 [backgroundjob-zookeeper-pool-3-thread-27] INFO  o.j.performance.PerformanceTestJob - 243256ms / PT4M3.256S - processed 284056 jobs / 284055 index | 1167.7245371131648 jobs/sec (overall) | 850.5 jobs/sec (last 10 sec)
289447 [backgroundjob-zookeeper-pool-3-thread-15] INFO  o.j.performance.PerformanceTestJob - 244256ms / PT4M4.256S - processed 284825 jobs / 284824 index | 1166.092132844229 jobs/sec (overall) | 850.5 jobs/sec (last 10 sec)
290460 [backgroundjob-zookeeper-pool-3-thread-7] INFO  o.j.performance.PerformanceTestJob - 245268ms / PT4M5.268S - processed 285593 jobs / 285592 index | 1164.4119901495508 jobs/sec (overall) | 827.3 jobs/sec (last 10 sec)
291452 [backgroundjob-zookeeper-pool-3-thread-27] INFO  o.j.performance.PerformanceTestJob - 246260ms / PT4M6.26S - processed 286353 jobs / 286353 index | 1162.8076017217575 jobs/sec (overall) | 817.3 jobs/sec (last 10 sec)
292449 [backgroundjob-zookeeper-pool-3-thread-27] INFO  o.j.performance.PerformanceTestJob - 247258ms / PT4M7.258S - processed 287129 jobs / 287128 index | 1161.2526187221445 jobs/sec (overall) | 795.5 jobs/sec (last 10 sec)
293448 [backgroundjob-zookeeper-pool-3-thread-10] INFO  o.j.performance.PerformanceTestJob - 248256ms / PT4M8.256S - processed 287969 jobs / 287968 index | 1159.967936323795 jobs/sec (overall) | 789.9 jobs/sec (last 10 sec)
294446 [backgroundjob-zookeeper-pool-3-thread-5] INFO  o.j.performance.PerformanceTestJob - 249255ms / PT4M9.255S - processed 288806 jobs / 288805 index | 1158.6768570339611 jobs/sec (overall) | 796.8 jobs/sec (last 10 sec)
295460 [backgroundjob-zookeeper-pool-3-thread-9] INFO  o.j.performance.PerformanceTestJob - 250269ms / PT4M10.269S - processed 289585 jobs / 289584 index | 1157.094965816781 jobs/sec (overall) | 786.4 jobs/sec (last 10 sec)
296447 [backgroundjob-zookeeper-pool-3-thread-18] INFO  o.j.performance.PerformanceTestJob - 251256ms / PT4M11.256S - processed 290431 jobs / 290431 index | 1155.9166746266756 jobs/sec (overall) | 793.1 jobs/sec (last 10 sec)
297466 [backgroundjob-zookeeper-pool-3-thread-5] INFO  o.j.performance.PerformanceTestJob - 252271ms / PT4M12.271S - processed 291201 jobs / 291199 index | 1154.3181737100183 jobs/sec (overall) | 791.9 jobs/sec (last 10 sec)
298445 [backgroundjob-zookeeper-pool-3-thread-8] INFO  o.j.performance.PerformanceTestJob - 253254ms / PT4M13.254S - processed 292048 jobs / 292047 index | 1153.1821807355461 jobs/sec (overall) | 799.4 jobs/sec (last 10 sec)
299453 [backgroundjob-zookeeper-pool-3-thread-4] INFO  o.j.performance.PerformanceTestJob - 254262ms / PT4M14.262S - processed 292867 jobs / 292866 index | 1151.8315753042139 jobs/sec (overall) | 804.5 jobs/sec (last 10 sec)
300452 [backgroundjob-zookeeper-pool-3-thread-10] INFO  o.j.performance.PerformanceTestJob - 255261ms / PT4M15.261S - processed 293593 jobs / 293592 index | 1150.1678673984666 jobs/sec (overall) | 800.4 jobs/sec (last 10 sec)
301464 [backgroundjob-zookeeper-pool-3-thread-3] INFO  o.j.performance.PerformanceTestJob - 256271ms / PT4M16.271S - processed 294317 jobs / 294316 index | 1148.4600286415553 jobs/sec (overall) | 797.2 jobs/sec (last 10 sec)
302452 [backgroundjob-zookeeper-pool-3-thread-22] INFO  o.j.performance.PerformanceTestJob - 257257ms / PT4M17.257S - processed 294990 jobs / 294989 index | 1146.6743373358158 jobs/sec (overall) | 787.2 jobs/sec (last 10 sec)
303457 [backgroundjob-zookeeper-pool-3-thread-29] INFO  o.j.performance.PerformanceTestJob - 258266ms / PT4M18.266S - processed 295694 jobs / 295693 index | 1144.9203534340563 jobs/sec (overall) | 772.8 jobs/sec (last 10 sec)
304456 [backgroundjob-zookeeper-pool-3-thread-19] INFO  o.j.performance.PerformanceTestJob - 259265ms / PT4M19.265S - processed 296380 jobs / 296379 index | 1143.1546872890672 jobs/sec (overall) | 757.8 jobs/sec (last 10 sec)
305450 [backgroundjob-zookeeper-pool-3-thread-26] INFO  o.j.performance.PerformanceTestJob - 260259ms / PT4M20.259S - processed 297115 jobs / 297114 index | 1141.6127780403367 jobs/sec (overall) | 753.1 jobs/sec (last 10 sec)
306458 [backgroundjob-zookeeper-pool-3-thread-19] INFO  o.j.performance.PerformanceTestJob - 261267ms / PT4M21.267S - processed 297851 jobs / 297849 index | 1140.025338064126 jobs/sec (overall) | 742.1 jobs/sec (last 10 sec)
307445 [backgroundjob-zookeeper-pool-3-thread-17] INFO  o.j.performance.PerformanceTestJob - 262254ms / PT4M22.254S - processed 298580 jobs / 298580 index | 1138.514569844502 jobs/sec (overall) | 738.1 jobs/sec (last 10 sec)
308445 [backgroundjob-zookeeper-pool-3-thread-21] INFO  o.j.performance.PerformanceTestJob - 263254ms / PT4M23.254S - processed 299316 jobs / 299316 index | 1136.9855728687883 jobs/sec (overall) | 726.9 jobs/sec (last 10 sec)
309445 [backgroundjob-zookeeper-pool-3-thread-9] INFO  o.j.performance.PerformanceTestJob - 264254ms / PT4M24.254S - processed 300056 jobs / 300055 index | 1135.4832850212297 jobs/sec (overall) | 719.0 jobs/sec (last 10 sec)
310456 [backgroundjob-zookeeper-pool-3-thread-12] INFO  o.j.performance.PerformanceTestJob - 265264ms / PT4M25.264S - processed 300900 jobs / 300899 index | 1134.341637010676 jobs/sec (overall) | 731.0 jobs/sec (last 10 sec)
311445 [backgroundjob-zookeeper-pool-3-thread-27] INFO  o.j.performance.PerformanceTestJob - 266254ms / PT4M26.254S - processed 301706 jobs / 301705 index | 1133.151051251812 jobs/sec (overall) | 739.0 jobs/sec (last 10 sec)
312469 [backgroundjob-zookeeper-pool-3-thread-29] INFO  o.j.performance.PerformanceTestJob - 267278ms / PT4M27.278S - processed 302119 jobs / 302118 index | 1130.354911365694 jobs/sec (overall) | 713.0 jobs/sec (last 10 sec)
313461 [backgroundjob-zookeeper-pool-3-thread-10] INFO  o.j.performance.PerformanceTestJob - 268270ms / PT4M28.27S - processed 302773 jobs / 302772 index | 1128.6129645506394 jobs/sec (overall) | 708.1 jobs/sec (last 10 sec)
314457 [backgroundjob-zookeeper-pool-3-thread-1] INFO  o.j.performance.PerformanceTestJob - 269266ms / PT4M29.266S - processed 303546 jobs / 303545 index | 1127.309054986519 jobs/sec (overall) | 716.7 jobs/sec (last 10 sec)
315445 [backgroundjob-zookeeper-pool-3-thread-17] INFO  o.j.performance.PerformanceTestJob - 270254ms / PT4M30.254S - processed 304299 jobs / 304299 index | 1125.974083639835 jobs/sec (overall) | 718.6 jobs/sec (last 10 sec)
316445 [backgroundjob-zookeeper-pool-3-thread-14] INFO  o.j.performance.PerformanceTestJob - 271254ms / PT4M31.254S - processed 305058 jobs / 305056 index | 1124.6212037426176 jobs/sec (overall) | 720.9 jobs/sec (last 10 sec)
317445 [backgroundjob-zookeeper-pool-3-thread-8] INFO  o.j.performance.PerformanceTestJob - 272254ms / PT4M32.254S - processed 305834 jobs / 305834 index | 1123.3407039015037 jobs/sec (overall) | 725.6 jobs/sec (last 10 sec)
318445 [backgroundjob-zookeeper-pool-3-thread-15] INFO  o.j.performance.PerformanceTestJob - 273254ms / PT4M33.254S - processed 306582 jobs / 306581 index | 1121.967107526331 jobs/sec (overall) | 726.8 jobs/sec (last 10 sec)
319453 [backgroundjob-zookeeper-pool-3-thread-14] INFO  o.j.performance.PerformanceTestJob - 274262ms / PT4M34.262S - processed 307360 jobs / 307359 index | 1120.6802254778277 jobs/sec (overall) | 730.6 jobs/sec (last 10 sec)
320458 [backgroundjob-zookeeper-pool-3-thread-13] INFO  o.j.performance.PerformanceTestJob - 275267ms / PT4M35.267S - processed 308083 jobs / 308083 index | 1119.215162006343 jobs/sec (overall) | 718.6 jobs/sec (last 10 sec)
321459 [backgroundjob-zookeeper-pool-3-thread-23] INFO  o.j.performance.PerformanceTestJob - 276268ms / PT4M36.268S - processed 308816 jobs / 308815 index | 1117.8131379674808 jobs/sec (overall) | 711.1 jobs/sec (last 10 sec)
322445 [backgroundjob-zookeeper-pool-3-thread-16] INFO  o.j.performance.PerformanceTestJob - 277254ms / PT4M37.254S - processed 309582 jobs / 309579 index | 1116.6006622086607 jobs/sec (overall) | 746.4 jobs/sec (last 10 sec)
323464 [backgroundjob-zookeeper-pool-3-thread-12] INFO  o.j.performance.PerformanceTestJob - 278273ms / PT4M38.273S - processed 310300 jobs / 310300 index | 1115.0920139575164 jobs/sec (overall) | 752.9 jobs/sec (last 10 sec)
324458 [backgroundjob-zookeeper-pool-3-thread-12] INFO  o.j.performance.PerformanceTestJob - 279267ms / PT4M39.267S - processed 311030 jobs / 311029 index | 1113.7370330185809 jobs/sec (overall) | 748.5 jobs/sec (last 10 sec)
325445 [backgroundjob-zookeeper-pool-3-thread-29] INFO  o.j.performance.PerformanceTestJob - 280254ms / PT4M40.254S - processed 311906 jobs / 311906 index | 1112.9404040620295 jobs/sec (overall) | 760.8 jobs/sec (last 10 sec)
326447 [backgroundjob-zookeeper-pool-3-thread-24] INFO  o.j.performance.PerformanceTestJob - 281256ms / PT4M41.256S - processed 313288 jobs / 313287 index | 1113.8891259208692 jobs/sec (overall) | 823.2 jobs/sec (last 10 sec)
327445 [backgroundjob-zookeeper-pool-3-thread-21] INFO  o.j.performance.PerformanceTestJob - 282254ms / PT4M42.254S - processed 314802 jobs / 314802 index | 1115.3145748155916 jobs/sec (overall) | 896.9 jobs/sec (last 10 sec)
328448 [backgroundjob-zookeeper-pool-3-thread-10] INFO  o.j.performance.PerformanceTestJob - 283257ms / PT4M43.257S - processed 315831 jobs / 315831 index | 1114.9980406485984 jobs/sec (overall) | 925.1 jobs/sec (last 10 sec)
329448 [backgroundjob-zookeeper-pool-3-thread-5] INFO  o.j.performance.PerformanceTestJob - 284257ms / PT4M44.257S - processed 316858 jobs / 316857 index | 1114.6884685337563 jobs/sec (overall) | 950.1 jobs/sec (last 10 sec)
330445 [backgroundjob-zookeeper-pool-3-thread-11] INFO  o.j.performance.PerformanceTestJob - 285254ms / PT4M45.254S - processed 317881 jobs / 317880 index | 1114.3787641891086 jobs/sec (overall) | 980.0 jobs/sec (last 10 sec)
331452 [backgroundjob-zookeeper-pool-3-thread-9] INFO  o.j.performance.PerformanceTestJob - 286261ms / PT4M46.261S - processed 318926 jobs / 318925 index | 1114.109152137385 jobs/sec (overall) | 1011.3 jobs/sec (last 10 sec)
332453 [backgroundjob-zookeeper-pool-3-thread-20] INFO  o.j.performance.PerformanceTestJob - 287262ms / PT4M47.262S - processed 319954 jobs / 319953 index | 1113.8055155224151 jobs/sec (overall) | 1037.3 jobs/sec (last 10 sec)
333454 [backgroundjob-zookeeper-pool-3-thread-1] INFO  o.j.performance.PerformanceTestJob - 288263ms / PT4M48.263S - processed 320771 jobs / 320770 index | 1112.7720172203856 jobs/sec (overall) | 1047.2 jobs/sec (last 10 sec)
334450 [backgroundjob-zookeeper-pool-3-thread-19] INFO  o.j.performance.PerformanceTestJob - 289259ms / PT4M49.259S - processed 321559 jobs / 321559 index | 1111.6646327339859 jobs/sec (overall) | 1053.1 jobs/sec (last 10 sec)
335445 [backgroundjob-zookeeper-pool-3-thread-24] INFO  o.j.performance.PerformanceTestJob - 290254ms / PT4M50.254S - processed 322546 jobs / 322545 index | 1111.2542807334266 jobs/sec (overall) | 1064.1 jobs/sec (last 10 sec)
336445 [backgroundjob-zookeeper-pool-3-thread-14] INFO  o.j.performance.PerformanceTestJob - 291254ms / PT4M51.254S - processed 323549 jobs / 323549 index | 1110.882597320552 jobs/sec (overall) | 1026.3 jobs/sec (last 10 sec)
337445 [backgroundjob-zookeeper-pool-3-thread-15] INFO  o.j.performance.PerformanceTestJob - 292254ms / PT4M52.254S - processed 324573 jobs / 324572 index | 1110.585312775873 jobs/sec (overall) | 977.2 jobs/sec (last 10 sec)
338445 [backgroundjob-zookeeper-pool-3-thread-25] INFO  o.j.performance.PerformanceTestJob - 293254ms / PT4M53.254S - processed 325614 jobs / 325613 index | 1110.3480259433802 jobs/sec (overall) | 978.4 jobs/sec (last 10 sec)
339452 [backgroundjob-zookeeper-pool-3-thread-25] INFO  o.j.performance.PerformanceTestJob - 294260ms / PT4M54.26S - processed 326419 jobs / 326418 index | 1109.2877047509005 jobs/sec (overall) | 956.3 jobs/sec (last 10 sec)
340449 [backgroundjob-zookeeper-pool-3-thread-6] INFO  o.j.performance.PerformanceTestJob - 295258ms / PT4M55.258S - processed 327207 jobs / 327206 index | 1108.2070595885632 jobs/sec (overall) | 932.8 jobs/sec (last 10 sec)
341458 [backgroundjob-zookeeper-pool-3-thread-2] INFO  o.j.performance.PerformanceTestJob - 296267ms / PT4M56.267S - processed 328009 jobs / 328008 index | 1107.1398434520213 jobs/sec (overall) | 908.5 jobs/sec (last 10 sec)
342491 [backgroundjob-zookeeper-pool-3-thread-18] INFO  o.j.performance.PerformanceTestJob - 297300ms / PT4M57.3S - processed 328829 jobs / 328828 index | 1106.051126807938 jobs/sec (overall) | 887.7 jobs/sec (last 10 sec)
343458 [backgroundjob-zookeeper-pool-3-thread-17] INFO  o.j.performance.PerformanceTestJob - 298267ms / PT4M58.267S - processed 328961 jobs / 328960 index | 1102.9077973761764 jobs/sec (overall) | 819.1 jobs/sec (last 10 sec)
344454 [backgroundjob-zookeeper-pool-3-thread-11] INFO  o.j.performance.PerformanceTestJob - 299263ms / PT4M59.263S - processed 329645 jobs / 329643 index | 1101.5227408667292 jobs/sec (overall) | 808.9 jobs/sec (last 10 sec)
345450 [backgroundjob-zookeeper-pool-3-thread-27] INFO  o.j.performance.PerformanceTestJob - 300259ms / PT5M0.259S - processed 330427 jobs / 330426 index | 1100.4732580871848 jobs/sec (overall) | 788.3 jobs/sec (last 10 sec)
346445 [backgroundjob-zookeeper-pool-3-thread-1] INFO  o.j.performance.PerformanceTestJob - 301254ms / PT5M1.254S - processed 331219 jobs / 331219 index | 1099.4675589369767 jobs/sec (overall) | 767.1 jobs/sec (last 10 sec)
347445 [backgroundjob-zookeeper-pool-3-thread-20] INFO  o.j.performance.PerformanceTestJob - 302254ms / PT5M2.254S - processed 332016 jobs / 332014 index | 1098.4668523824332 jobs/sec (overall) | 744.4 jobs/sec (last 10 sec)
348445 [backgroundjob-zookeeper-pool-3-thread-21] INFO  o.j.performance.PerformanceTestJob - 303254ms / PT5M3.254S - processed 332864 jobs / 332863 index | 1097.6409214717696 jobs/sec (overall) | 725.1 jobs/sec (last 10 sec)
349454 [backgroundjob-zookeeper-pool-3-thread-29] INFO  o.j.performance.PerformanceTestJob - 304263ms / PT5M4.263S - processed 333673 jobs / 333672 index | 1096.659797609305 jobs/sec (overall) | 725.7 jobs/sec (last 10 sec)
350445 [backgroundjob-zookeeper-pool-3-thread-6] INFO  o.j.performance.PerformanceTestJob - 305254ms / PT5M5.254S - processed 334469 jobs / 334469 index | 1095.7071815602744 jobs/sec (overall) | 726.4 jobs/sec (last 10 sec)
351460 [backgroundjob-zookeeper-pool-3-thread-27] INFO  o.j.performance.PerformanceTestJob - 306268ms / PT5M6.268S - processed 335272 jobs / 335271 index | 1094.7013726540154 jobs/sec (overall) | 726.9 jobs/sec (last 10 sec)
352457 [backgroundjob-zookeeper-pool-3-thread-30] INFO  o.j.performance.PerformanceTestJob - 307266ms / PT5M7.266S - processed 336060 jobs / 336059 index | 1093.710335670071 jobs/sec (overall) | 723.2 jobs/sec (last 10 sec)
353453 [backgroundjob-zookeeper-pool-3-thread-23] INFO  o.j.performance.PerformanceTestJob - 308261ms / PT5M8.261S - processed 336853 jobs / 336852 index | 1092.7525700623821 jobs/sec (overall) | 789.3 jobs/sec (last 10 sec)
354448 [backgroundjob-zookeeper-pool-3-thread-14] INFO  o.j.performance.PerformanceTestJob - 309256ms / PT5M9.256S - processed 337638 jobs / 337637 index | 1091.7750989471506 jobs/sec (overall) | 799.6 jobs/sec (last 10 sec)
355448 [backgroundjob-zookeeper-pool-3-thread-19] INFO  o.j.performance.PerformanceTestJob - 310257ms / PT5M10.257S - processed 338427 jobs / 338426 index | 1090.7956951817364 jobs/sec (overall) | 800.1 jobs/sec (last 10 sec)
356448 [backgroundjob-zookeeper-pool-3-thread-26] INFO  o.j.performance.PerformanceTestJob - 311257ms / PT5M11.257S - processed 339323 jobs / 339322 index | 1090.169859633679 jobs/sec (overall) | 810.5 jobs/sec (last 10 sec)
357447 [backgroundjob-zookeeper-pool-3-thread-29] INFO  o.j.performance.PerformanceTestJob - 312256ms / PT5M12.256S - processed 340447 jobs / 340446 index | 1090.2816919450706 jobs/sec (overall) | 843.4 jobs/sec (last 10 sec)
358452 [backgroundjob-zookeeper-pool-3-thread-3] INFO  o.j.performance.PerformanceTestJob - 313261ms / PT5M13.261S - processed 341364 jobs / 341363 index | 1089.7111354429692 jobs/sec (overall) | 850.3 jobs/sec (last 10 sec)
359449 [backgroundjob-zookeeper-pool-3-thread-30] INFO  o.j.performance.PerformanceTestJob - 314258ms / PT5M14.258S - processed 342802 jobs / 342801 index | 1090.8298277211718 jobs/sec (overall) | 913.1 jobs/sec (last 10 sec)
360456 [backgroundjob-zookeeper-pool-3-thread-2] INFO  o.j.performance.PerformanceTestJob - 315265ms / PT5M15.265S - processed 343727 jobs / 343726 index | 1090.2796060457076 jobs/sec (overall) | 925.9 jobs/sec (last 10 sec)
361455 [backgroundjob-zookeeper-pool-3-thread-11] INFO  o.j.performance.PerformanceTestJob - 316264ms / PT5M16.264S - processed 344572 jobs / 344571 index | 1089.5075000632382 jobs/sec (overall) | 930.2 jobs/sec (last 10 sec)
362449 [backgroundjob-zookeeper-pool-3-thread-30] INFO  o.j.performance.PerformanceTestJob - 317258ms / PT5M17.258S - processed 345396 jobs / 345395 index | 1088.6912229163645 jobs/sec (overall) | 934.0 jobs/sec (last 10 sec)
363458 [backgroundjob-zookeeper-pool-3-thread-5] INFO  o.j.performance.PerformanceTestJob - 318267ms / PT5M18.267S - processed 346240 jobs / 346238 index | 1087.8916130167438 jobs/sec (overall) | 938.9 jobs/sec (last 10 sec)
364456 [backgroundjob-zookeeper-pool-3-thread-7] INFO  o.j.performance.PerformanceTestJob - 319264ms / PT5M19.264S - processed 347102 jobs / 347101 index | 1087.1942968828305 jobs/sec (overall) | 946.5 jobs/sec (last 10 sec)
365445 [backgroundjob-zookeeper-pool-3-thread-1] INFO  o.j.performance.PerformanceTestJob - 320254ms / PT5M20.254S - processed 347943 jobs / 347942 index | 1086.4594977736422 jobs/sec (overall) | 951.8 jobs/sec (last 10 sec)
366448 [backgroundjob-zookeeper-pool-3-thread-32] INFO  o.j.performance.PerformanceTestJob - 321257ms / PT5M21.257S - processed 348710 jobs / 348709 index | 1085.4549472851954 jobs/sec (overall) | 938.9 jobs/sec (last 10 sec)
367449 [backgroundjob-zookeeper-pool-3-thread-12] INFO  o.j.performance.PerformanceTestJob - 322258ms / PT5M22.258S - processed 349501 jobs / 349500 index | 1084.5378547623334 jobs/sec (overall) | 905.6 jobs/sec (last 10 sec)
368445 [backgroundjob-zookeeper-pool-3-thread-15] INFO  o.j.performance.PerformanceTestJob - 323254ms / PT5M23.254S - processed 350305 jobs / 350301 index | 1083.6834192306978 jobs/sec (overall) | 894.2 jobs/sec (last 10 sec)
369457 [backgroundjob-zookeeper-pool-3-thread-6] INFO  o.j.performance.PerformanceTestJob - 324265ms / PT5M24.265S - processed 351089 jobs / 351088 index | 1082.7224646508257 jobs/sec (overall) | 829.1 jobs/sec (last 10 sec)
370449 [backgroundjob-zookeeper-pool-3-thread-19] INFO  o.j.performance.PerformanceTestJob - 325258ms / PT5M25.258S - processed 351859 jobs / 351858 index | 1081.784306611982 jobs/sec (overall) | 813.5 jobs/sec (last 10 sec)
371448 [backgroundjob-zookeeper-pool-3-thread-16] INFO  o.j.performance.PerformanceTestJob - 326255ms / PT5M26.255S - processed 352651 jobs / 352651 index | 1080.90603975418 jobs/sec (overall) | 808.4 jobs/sec (last 10 sec)
372455 [backgroundjob-zookeeper-pool-3-thread-5] INFO  o.j.performance.PerformanceTestJob - 327264ms / PT5M27.264S - processed 353453 jobs / 353452 index | 1080.024078419869 jobs/sec (overall) | 805.9 jobs/sec (last 10 sec)
373445 [backgroundjob-zookeeper-pool-3-thread-22] INFO  o.j.performance.PerformanceTestJob - 328254ms / PT5M28.254S - processed 354246 jobs / 354244 index | 1079.1825842183187 jobs/sec (overall) | 800.8 jobs/sec (last 10 sec)
374458 [backgroundjob-zookeeper-pool-3-thread-13] INFO  o.j.performance.PerformanceTestJob - 329267ms / PT5M29.267S - processed 355009 jobs / 355008 index | 1078.1797143351748 jobs/sec (overall) | 790.9 jobs/sec (last 10 sec)
375445 [backgroundjob-zookeeper-pool-3-thread-21] INFO  o.j.performance.PerformanceTestJob - 330254ms / PT5M30.254S - processed 355786 jobs / 355786 index | 1077.3101915495347 jobs/sec (overall) | 784.5 jobs/sec (last 10 sec)
376455 [backgroundjob-zookeeper-pool-3-thread-24] INFO  o.j.performance.PerformanceTestJob - 331264ms / PT5M31.264S - processed 356559 jobs / 356559 index | 1076.359036901082 jobs/sec (overall) | 785.3 jobs/sec (last 10 sec)
377452 [backgroundjob-zookeeper-pool-3-thread-9] INFO  o.j.performance.PerformanceTestJob - 332261ms / PT5M32.261S - processed 357343 jobs / 357342 index | 1075.4888476228025 jobs/sec (overall) | 784.4 jobs/sec (last 10 sec)
378459 [backgroundjob-zookeeper-pool-3-thread-14] INFO  o.j.performance.PerformanceTestJob - 333268ms / PT5M33.268S - processed 358129 jobs / 358128 index | 1074.5976211337422 jobs/sec (overall) | 782.7 jobs/sec (last 10 sec)
379445 [backgroundjob-zookeeper-pool-3-thread-9] INFO  o.j.performance.PerformanceTestJob - 334254ms / PT5M34.254S - processed 358931 jobs / 358930 index | 1073.827089578584 jobs/sec (overall) | 784.3 jobs/sec (last 10 sec)
380445 [backgroundjob-zookeeper-pool-3-thread-7] INFO  o.j.performance.PerformanceTestJob - 335254ms / PT5M35.254S - processed 359712 jobs / 359711 index | 1072.9536411198674 jobs/sec (overall) | 785.4 jobs/sec (last 10 sec)
381465 [backgroundjob-zookeeper-pool-3-thread-25] INFO  o.j.performance.PerformanceTestJob - 336274ms / PT5M36.274S - processed 360522 jobs / 360521 index | 1072.107864420086 jobs/sec (overall) | 787.3 jobs/sec (last 10 sec)
382455 [backgroundjob-zookeeper-pool-3-thread-6] INFO  o.j.performance.PerformanceTestJob - 337264ms / PT5M37.264S - processed 361287 jobs / 361286 index | 1071.2290668437781 jobs/sec (overall) | 783.5 jobs/sec (last 10 sec)
383453 [backgroundjob-zookeeper-pool-3-thread-1] INFO  o.j.performance.PerformanceTestJob - 338262ms / PT5M38.262S - processed 362072 jobs / 362071 index | 1070.389224920328 jobs/sec (overall) | 782.9 jobs/sec (last 10 sec)
384447 [backgroundjob-zookeeper-pool-3-thread-29] INFO  o.j.performance.PerformanceTestJob - 339256ms / PT5M39.256S - processed 362840 jobs / 362839 index | 1069.5168250524678 jobs/sec (overall) | 783.4 jobs/sec (last 10 sec)
385457 [backgroundjob-zookeeper-pool-3-thread-10] INFO  o.j.performance.PerformanceTestJob - 340265ms / PT5M40.265S - processed 363630 jobs / 363629 index | 1068.667068314402 jobs/sec (overall) | 784.5 jobs/sec (last 10 sec)
386445 [backgroundjob-zookeeper-pool-3-thread-11] INFO  o.j.performance.PerformanceTestJob - 341254ms / PT5M41.254S - processed 364413 jobs / 364412 index | 1067.8644059849848 jobs/sec (overall) | 785.6 jobs/sec (last 10 sec)
387447 [backgroundjob-zookeeper-pool-3-thread-22] INFO  o.j.performance.PerformanceTestJob - 342256ms / PT5M42.256S - processed 365169 jobs / 365168 index | 1066.9469636763124 jobs/sec (overall) | 782.9 jobs/sec (last 10 sec)
388461 [backgroundjob-zookeeper-pool-3-thread-18] INFO  o.j.performance.PerformanceTestJob - 343270ms / PT5M43.27S - processed 365951 jobs / 365950 index | 1066.0733533370233 jobs/sec (overall) | 782.8 jobs/sec (last 10 sec)
389445 [backgroundjob-zookeeper-pool-3-thread-30] INFO  o.j.performance.PerformanceTestJob - 344254ms / PT5M44.254S - processed 366725 jobs / 366725 index | 1065.2744775659833 jobs/sec (overall) | 779.5 jobs/sec (last 10 sec)
390458 [backgroundjob-zookeeper-pool-3-thread-3] INFO  o.j.performance.PerformanceTestJob - 345267ms / PT5M45.267S - processed 367497 jobs / 367496 index | 1064.3849542527958 jobs/sec (overall) | 778.7 jobs/sec (last 10 sec)
391461 [backgroundjob-zookeeper-pool-3-thread-12] INFO  o.j.performance.PerformanceTestJob - 346270ms / PT5M46.27S - processed 368257 jobs / 368256 index | 1063.496693331793 jobs/sec (overall) | 773.7 jobs/sec (last 10 sec)
392446 [backgroundjob-zookeeper-pool-3-thread-6] INFO  o.j.performance.PerformanceTestJob - 347255ms / PT5M47.255S - processed 369018 jobs / 369017 index | 1062.6715238081524 jobs/sec (overall) | 773.2 jobs/sec (last 10 sec)
393445 [backgroundjob-zookeeper-pool-3-thread-26] INFO  o.j.performance.PerformanceTestJob - 348254ms / PT5M48.254S - processed 369773 jobs / 369772 index | 1061.7911064912391 jobs/sec (overall) | 770.3 jobs/sec (last 10 sec)
394460 [backgroundjob-zookeeper-pool-3-thread-30] INFO  o.j.performance.PerformanceTestJob - 349269ms / PT5M49.269S - processed 370545 jobs / 370545 index | 1060.91579842471 jobs/sec (overall) | 770.7 jobs/sec (last 10 sec)
395445 [backgroundjob-zookeeper-pool-3-thread-13] INFO  o.j.performance.PerformanceTestJob - 350254ms / PT5M50.254S - processed 371304 jobs / 371304 index | 1060.0992422641855 jobs/sec (overall) | 767.5 jobs/sec (last 10 sec)
396445 [backgroundjob-zookeeper-pool-3-thread-13] INFO  o.j.performance.PerformanceTestJob - 351254ms / PT5M51.254S - processed 372063 jobs / 372061 index | 1059.2420299840003 jobs/sec (overall) | 765.2 jobs/sec (last 10 sec)
397445 [backgroundjob-zookeeper-pool-3-thread-28] INFO  o.j.performance.PerformanceTestJob - 352254ms / PT5M52.254S - processed 372823 jobs / 372824 index | 1058.3925235767372 jobs/sec (overall) | 765.5 jobs/sec (last 10 sec)
398450 [backgroundjob-zookeeper-pool-3-thread-7] INFO  o.j.performance.PerformanceTestJob - 353259ms / PT5M53.259S - processed 373606 jobs / 373605 index | 1057.597966364622 jobs/sec (overall) | 765.9 jobs/sec (last 10 sec)
399453 [backgroundjob-zookeeper-pool-3-thread-21] INFO  o.j.performance.PerformanceTestJob - 354262ms / PT5M54.262S - processed 374438 jobs / 374438 index | 1056.9521992197865 jobs/sec (overall) | 771.4 jobs/sec (last 10 sec)
400446 [backgroundjob-zookeeper-pool-3-thread-21] INFO  o.j.performance.PerformanceTestJob - 355255ms / PT5M55.255S - processed 375364 jobs / 375363 index | 1056.6044109161026 jobs/sec (overall) | 786.9 jobs/sec (last 10 sec)
401449 [backgroundjob-zookeeper-pool-3-thread-21] INFO  o.j.performance.PerformanceTestJob - 356258ms / PT5M56.258S - processed 376168 jobs / 376167 index | 1055.8864643039594 jobs/sec (overall) | 791.2 jobs/sec (last 10 sec)
402445 [backgroundjob-zookeeper-pool-3-thread-3] INFO  o.j.performance.PerformanceTestJob - 357254ms / PT5M57.254S - processed 376935 jobs / 376935 index | 1055.089656099022 jobs/sec (overall) | 792.1 jobs/sec (last 10 sec)
403456 [backgroundjob-zookeeper-pool-3-thread-32] INFO  o.j.performance.PerformanceTestJob - 358265ms / PT5M58.265S - processed 377678 jobs / 377677 index | 1054.186147125731 jobs/sec (overall) | 790.7 jobs/sec (last 10 sec)
404461 [backgroundjob-zookeeper-pool-3-thread-10] INFO  o.j.performance.PerformanceTestJob - 359270ms / PT5M59.27S - processed 378448 jobs / 378447 index | 1053.3804659448326 jobs/sec (overall) | 790.5 jobs/sec (last 10 sec)
405445 [backgroundjob-zookeeper-pool-3-thread-12] INFO  o.j.performance.PerformanceTestJob - 360254ms / PT6M0.254S - processed 379136 jobs / 379135 index | 1052.4130197027653 jobs/sec (overall) | 783.4 jobs/sec (last 10 sec)
406445 [backgroundjob-zookeeper-pool-3-thread-18] INFO  o.j.performance.PerformanceTestJob - 361254ms / PT6M1.254S - processed 379920 jobs / 379920 index | 1051.6700161105482 jobs/sec (overall) | 785.8 jobs/sec (last 10 sec)
407454 [backgroundjob-zookeeper-pool-3-thread-9] INFO  o.j.performance.PerformanceTestJob - 362263ms / PT6M2.263S - processed 380677 jobs / 380676 index | 1050.8304739926518 jobs/sec (overall) | 785.5 jobs/sec (last 10 sec)
408447 [backgroundjob-zookeeper-pool-3-thread-24] INFO  o.j.performance.PerformanceTestJob - 363255ms / PT6M3.255S - processed 381443 jobs / 381442 index | 1050.069510399031 jobs/sec (overall) | 784.0 jobs/sec (last 10 sec)
409456 [backgroundjob-zookeeper-pool-3-thread-3] INFO  o.j.performance.PerformanceTestJob - 364265ms / PT6M4.265S - processed 382215 jobs / 382214 index | 1049.2773118471443 jobs/sec (overall) | 777.8 jobs/sec (last 10 sec)
410452 [backgroundjob-zookeeper-pool-3-thread-4] INFO  o.j.performance.PerformanceTestJob - 365261ms / PT6M5.261S - processed 383158 jobs / 383157 index | 1048.9978399007832 jobs/sec (overall) | 779.5 jobs/sec (last 10 sec)
411461 [backgroundjob-zookeeper-pool-3-thread-14] INFO  o.j.performance.PerformanceTestJob - 366270ms / PT6M6.27S - processed 384052 jobs / 384051 index | 1048.5488847025417 jobs/sec (overall) | 788.5 jobs/sec (last 10 sec)
412445 [backgroundjob-zookeeper-pool-3-thread-24] INFO  o.j.performance.PerformanceTestJob - 367254ms / PT6M7.254S - processed 384820 jobs / 384819 index | 1047.8306567117036 jobs/sec (overall) | 788.6 jobs/sec (last 10 sec)
413448 [backgroundjob-zookeeper-pool-3-thread-32] INFO  o.j.performance.PerformanceTestJob - 368257ms / PT6M8.257S - processed 385580 jobs / 385579 index | 1047.0405178991846 jobs/sec (overall) | 790.6 jobs/sec (last 10 sec)
414451 [backgroundjob-zookeeper-pool-3-thread-32] INFO  o.j.performance.PerformanceTestJob - 369260ms / PT6M9.26S - processed 386364 jobs / 386363 index | 1046.3196663597464 jobs/sec (overall) | 791.8 jobs/sec (last 10 sec)
415457 [backgroundjob-zookeeper-pool-3-thread-23] INFO  o.j.performance.PerformanceTestJob - 370266ms / PT6M10.266S - processed 387118 jobs / 387117 index | 1045.5132256269817 jobs/sec (overall) | 798.6 jobs/sec (last 10 sec)
416452 [backgroundjob-zookeeper-pool-3-thread-27] INFO  o.j.performance.PerformanceTestJob - 371261ms / PT6M11.261S - processed 388000 jobs / 387999 index | 1045.0868795806723 jobs/sec (overall) | 808.2 jobs/sec (last 10 sec)
417460 [backgroundjob-zookeeper-pool-3-thread-14] INFO  o.j.performance.PerformanceTestJob - 372269ms / PT6M12.269S - processed 388744 jobs / 388743 index | 1044.2556323518745 jobs/sec (overall) | 806.9 jobs/sec (last 10 sec)
418445 [backgroundjob-zookeeper-pool-3-thread-27] INFO  o.j.performance.PerformanceTestJob - 373254ms / PT6M13.254S - processed 389454 jobs / 389453 index | 1043.4020800848753 jobs/sec (overall) | 801.2 jobs/sec (last 10 sec)
419446 [backgroundjob-zookeeper-pool-3-thread-1] INFO  o.j.performance.PerformanceTestJob - 374254ms / PT6M14.254S - processed 390178 jobs / 390177 index | 1042.5486434346726 jobs/sec (overall) | 796.5 jobs/sec (last 10 sec)
420446 [backgroundjob-zookeeper-pool-3-thread-10] INFO  o.j.performance.PerformanceTestJob - 375255ms / PT6M15.255S - processed 390888 jobs / 390887 index | 1041.659671423432 jobs/sec (overall) | 773.1 jobs/sec (last 10 sec)
421447 [backgroundjob-zookeeper-pool-3-thread-9] INFO  o.j.performance.PerformanceTestJob - 376256ms / PT6M16.256S - processed 391649 jobs / 391648 index | 1040.9109755060385 jobs/sec (overall) | 759.8 jobs/sec (last 10 sec)
422449 [backgroundjob-zookeeper-pool-3-thread-30] INFO  o.j.performance.PerformanceTestJob - 377258ms / PT6M17.258S - processed 392372 jobs / 392371 index | 1040.062768715309 jobs/sec (overall) | 755.3 jobs/sec (last 10 sec)
423452 [backgroundjob-zookeeper-pool-3-thread-19] INFO  o.j.performance.PerformanceTestJob - 378260ms / PT6M18.26S - processed 393096 jobs / 393095 index | 1039.2216993602285 jobs/sec (overall) | 751.7 jobs/sec (last 10 sec)
424446 [backgroundjob-zookeeper-pool-3-thread-19] INFO  o.j.performance.PerformanceTestJob - 379254ms / PT6M19.254S - processed 393814 jobs / 393813 index | 1038.3911573773778 jobs/sec (overall) | 745.1 jobs/sec (last 10 sec)
425459 [backgroundjob-zookeeper-pool-3-thread-1] INFO  o.j.performance.PerformanceTestJob - 380268ms / PT6M20.268S - processed 394488 jobs / 394487 index | 1037.394679541797 jobs/sec (overall) | 737.3 jobs/sec (last 10 sec)
426456 [backgroundjob-zookeeper-pool-3-thread-31] INFO  o.j.performance.PerformanceTestJob - 381264ms / PT6M21.264S - processed 395226 jobs / 395226 index | 1036.620294599018 jobs/sec (overall) | 722.8 jobs/sec (last 10 sec)
427460 [backgroundjob-zookeeper-pool-3-thread-23] INFO  o.j.performance.PerformanceTestJob - 382267ms / PT6M22.267S - processed 395968 jobs / 395967 index | 1035.8414406684333 jobs/sec (overall) | 723.2 jobs/sec (last 10 sec)
428446 [backgroundjob-zookeeper-pool-3-thread-22] INFO  o.j.performance.PerformanceTestJob - 383254ms / PT6M23.254S - processed 396711 jobs / 396711 index | 1035.1124841488934 jobs/sec (overall) | 725.9 jobs/sec (last 10 sec)
429445 [backgroundjob-zookeeper-pool-3-thread-17] INFO  o.j.performance.PerformanceTestJob - 384254ms / PT6M24.254S - processed 397441 jobs / 397440 index | 1034.3184456114966 jobs/sec (overall) | 726.4 jobs/sec (last 10 sec)
430452 [backgroundjob-zookeeper-pool-3-thread-6] INFO  o.j.performance.PerformanceTestJob - 385260ms / PT6M25.26S - processed 398176 jobs / 398175 index | 1033.525411410476 jobs/sec (overall) | 729.2 jobs/sec (last 10 sec)
431458 [backgroundjob-zookeeper-pool-3-thread-21] INFO  o.j.performance.PerformanceTestJob - 386267ms / PT6M26.267S - processed 398960 jobs / 398959 index | 1032.8606896266053 jobs/sec (overall) | 731.4 jobs/sec (last 10 sec)
432445 [backgroundjob-zookeeper-pool-3-thread-24] INFO  o.j.performance.PerformanceTestJob - 387254ms / PT6M27.254S - processed 399748 jobs / 399748 index | 1032.2630624861201 jobs/sec (overall) | 737.8 jobs/sec (last 10 sec)
433448 [backgroundjob-zookeeper-pool-3-thread-20] INFO  o.j.performance.PerformanceTestJob - 388256ms / PT6M28.256S - processed 400571 jobs / 400569 index | 1031.718762878101 jobs/sec (overall) | 747.6 jobs/sec (last 10 sec)
434453 [backgroundjob-zookeeper-pool-3-thread-7] INFO  o.j.performance.PerformanceTestJob - 389262ms / PT6M29.262S - processed 401408 jobs / 401407 index | 1031.2026347293083 jobs/sec (overall) | 759.7 jobs/sec (last 10 sec)
435451 [backgroundjob-zookeeper-pool-3-thread-5] INFO  o.j.performance.PerformanceTestJob - 390260ms / PT6M30.26S - processed 402241 jobs / 402240 index | 1030.7000461230973 jobs/sec (overall) | 775.5 jobs/sec (last 10 sec)
436470 [backgroundjob-zookeeper-pool-3-thread-10] INFO  o.j.performance.PerformanceTestJob - 391279ms / PT6M31.279S - processed 402509 jobs / 402508 index | 1028.7007480595687 jobs/sec (overall) | 728.4 jobs/sec (last 10 sec)
437448 [backgroundjob-zookeeper-pool-3-thread-32] INFO  o.j.performance.PerformanceTestJob - 392257ms / PT6M32.257S - processed 403094 jobs / 403093 index | 1027.6272953701273 jobs/sec (overall) | 712.8 jobs/sec (last 10 sec)
438455 [backgroundjob-zookeeper-pool-3-thread-5] INFO  o.j.performance.PerformanceTestJob - 393264ms / PT6M33.264S - processed 403869 jobs / 403868 index | 1026.9666178445013 jobs/sec (overall) | 716.0 jobs/sec (last 10 sec)
439449 [backgroundjob-zookeeper-pool-3-thread-4] INFO  o.j.performance.PerformanceTestJob - 394258ms / PT6M34.258S - processed 404636 jobs / 404635 index | 1026.3228647231 jobs/sec (overall) | 719.6 jobs/sec (last 10 sec)
440445 [backgroundjob-zookeeper-pool-3-thread-9] INFO  o.j.performance.PerformanceTestJob - 395254ms / PT6M35.254S - processed 405411 jobs / 405410 index | 1025.6973996468093 jobs/sec (overall) | 723.6 jobs/sec (last 10 sec)
441457 [backgroundjob-zookeeper-pool-3-thread-20] INFO  o.j.performance.PerformanceTestJob - 396265ms / PT6M36.265S - processed 406150 jobs / 406150 index | 1024.9454279333274 jobs/sec (overall) | 719.2 jobs/sec (last 10 sec)
442450 [backgroundjob-zookeeper-pool-3-thread-26] INFO  o.j.performance.PerformanceTestJob - 397259ms / PT6M37.259S - processed 406915 jobs / 406914 index | 1024.3065607072465 jobs/sec (overall) | 716.8 jobs/sec (last 10 sec)
443459 [backgroundjob-zookeeper-pool-3-thread-27] INFO  o.j.performance.PerformanceTestJob - 398268ms / PT6M38.268S - processed 407697 jobs / 407696 index | 1023.6750128054476 jobs/sec (overall) | 712.8 jobs/sec (last 10 sec)
444449 [backgroundjob-zookeeper-pool-3-thread-10] INFO  o.j.performance.PerformanceTestJob - 399258ms / PT6M39.258S - processed 408416 jobs / 408415 index | 1022.93754915368 jobs/sec (overall) | 700.9 jobs/sec (last 10 sec)
445457 [backgroundjob-zookeeper-pool-3-thread-21] INFO  o.j.performance.PerformanceTestJob - 400266ms / PT6M40.266S - processed 409415 jobs / 409414 index | 1022.8572998955694 jobs/sec (overall) | 717.6 jobs/sec (last 10 sec)
446448 [backgroundjob-zookeeper-pool-3-thread-28] INFO  o.j.performance.PerformanceTestJob - 401257ms / PT6M41.257S - processed 410840 jobs / 410839 index | 1023.8824494027518 jobs/sec (overall) | 833.4 jobs/sec (last 10 sec)
447445 [backgroundjob-zookeeper-pool-3-thread-27] INFO  o.j.performance.PerformanceTestJob - 402254ms / PT6M42.254S - processed 411747 jobs / 411746 index | 1023.5995167232644 jobs/sec (overall) | 865.4 jobs/sec (last 10 sec)
448445 [backgroundjob-zookeeper-pool-3-thread-30] INFO  o.j.performance.PerformanceTestJob - 403254ms / PT6M43.254S - processed 412652 jobs / 412650 index | 1023.3054104856989 jobs/sec (overall) | 878.4 jobs/sec (last 10 sec)
449478 [backgroundjob-zookeeper-pool-3-thread-5] INFO  o.j.performance.PerformanceTestJob - 404287ms / PT6M44.287S - processed 413487 jobs / 413486 index | 1022.7561113763243 jobs/sec (overall) | 885.3 jobs/sec (last 10 sec)
450455 [backgroundjob-zookeeper-pool-3-thread-11] INFO  o.j.performance.PerformanceTestJob - 405264ms / PT6M45.264S - processed 413802 jobs / 413801 index | 1021.0677484306526 jobs/sec (overall) | 839.2 jobs/sec (last 10 sec)
451452 [backgroundjob-zookeeper-pool-3-thread-23] INFO  o.j.performance.PerformanceTestJob - 406261ms / PT6M46.261S - processed 414590 jobs / 414589 index | 1020.5015987259422 jobs/sec (overall) | 844.2 jobs/sec (last 10 sec)
452448 [backgroundjob-zookeeper-pool-3-thread-8] INFO  o.j.performance.PerformanceTestJob - 407257ms / PT6M47.257S - processed 415398 jobs / 415397 index | 1019.9898344288741 jobs/sec (overall) | 848.4 jobs/sec (last 10 sec)
453445 [backgroundjob-zookeeper-pool-3-thread-10] INFO  o.j.performance.PerformanceTestJob - 408254ms / PT6M48.254S - processed 416198 jobs / 416197 index | 1019.458474381145 jobs/sec (overall) | 850.2 jobs/sec (last 10 sec)
454452 [backgroundjob-zookeeper-pool-3-thread-18] INFO  o.j.performance.PerformanceTestJob - 409261ms / PT6M49.261S - processed 416999 jobs / 416997 index | 1018.9072498967652 jobs/sec (overall) | 858.5 jobs/sec (last 10 sec)
455461 [backgroundjob-zookeeper-pool-3-thread-23] INFO  o.j.performance.PerformanceTestJob - 410269ms / PT6M50.269S - processed 417785 jobs / 417784 index | 1018.3196878145802 jobs/sec (overall) | 837.1 jobs/sec (last 10 sec)
456445 [backgroundjob-zookeeper-pool-3-thread-10] INFO  o.j.performance.PerformanceTestJob - 411254ms / PT6M51.254S - processed 418582 jobs / 418583 index | 1017.8186716724944 jobs/sec (overall) | 774.3 jobs/sec (last 10 sec)
457446 [backgroundjob-zookeeper-pool-3-thread-4] INFO  o.j.performance.PerformanceTestJob - 412255ms / PT6M52.255S - processed 419373 jobs / 419372 index | 1017.2660125407818 jobs/sec (overall) | 762.7 jobs/sec (last 10 sec)
458445 [backgroundjob-zookeeper-pool-3-thread-22] INFO  o.j.performance.PerformanceTestJob - 413254ms / PT6M53.254S - processed 420182 jobs / 420181 index | 1016.7645080265406 jobs/sec (overall) | 753.1 jobs/sec (last 10 sec)
459448 [backgroundjob-zookeeper-pool-3-thread-9] INFO  o.j.performance.PerformanceTestJob - 414257ms / PT6M54.257S - processed 420971 jobs / 420970 index | 1016.2073302321988 jobs/sec (overall) | 748.6 jobs/sec (last 10 sec)
460458 [backgroundjob-zookeeper-pool-3-thread-28] INFO  o.j.performance.PerformanceTestJob - 415267ms / PT6M55.267S - processed 421758 jobs / 421757 index | 1015.6309073439498 jobs/sec (overall) | 795.9 jobs/sec (last 10 sec)
461445 [backgroundjob-zookeeper-pool-3-thread-17] INFO  o.j.performance.PerformanceTestJob - 416254ms / PT6M56.254S - processed 422525 jobs / 422524 index | 1015.0653206936149 jobs/sec (overall) | 793.6 jobs/sec (last 10 sec)
462459 [backgroundjob-zookeeper-pool-3-thread-15] INFO  o.j.performance.PerformanceTestJob - 417268ms / PT6M57.268S - processed 423329 jobs / 423328 index | 1014.525436889481 jobs/sec (overall) | 793.2 jobs/sec (last 10 sec)
463446 [backgroundjob-zookeeper-pool-3-thread-3] INFO  o.j.performance.PerformanceTestJob - 418255ms / PT6M58.255S - processed 424102 jobs / 424101 index | 1013.9795101074703 jobs/sec (overall) | 790.5 jobs/sec (last 10 sec)
464445 [backgroundjob-zookeeper-pool-3-thread-14] INFO  o.j.performance.PerformanceTestJob - 419254ms / PT6M59.254S - processed 424875 jobs / 424875 index | 1013.4071469801123 jobs/sec (overall) | 787.8 jobs/sec (last 10 sec)
465451 [backgroundjob-zookeeper-pool-3-thread-19] INFO  o.j.performance.PerformanceTestJob - 420260ms / PT7M0.26S - processed 425664 jobs / 425663 index | 1012.8587065150145 jobs/sec (overall) | 788.0 jobs/sec (last 10 sec)
466448 [backgroundjob-zookeeper-pool-3-thread-8] INFO  o.j.performance.PerformanceTestJob - 421257ms / PT7M1.257S - processed 426452 jobs / 426452 index | 1012.3321392878931 jobs/sec (overall) | 787.2 jobs/sec (last 10 sec)
467451 [backgroundjob-zookeeper-pool-3-thread-4] INFO  o.j.performance.PerformanceTestJob - 422260ms / PT7M2.26S - processed 427224 jobs / 427224 index | 1011.7557902713968 jobs/sec (overall) | 785.2 jobs/sec (last 10 sec)
468454 [backgroundjob-zookeeper-pool-3-thread-5] INFO  o.j.performance.PerformanceTestJob - 423263ms / PT7M3.263S - processed 428022 jobs / 428021 index | 1011.2436003146979 jobs/sec (overall) | 784.1 jobs/sec (last 10 sec)
469446 [backgroundjob-zookeeper-pool-3-thread-26] INFO  o.j.performance.PerformanceTestJob - 424255ms / PT7M4.255S - processed 428815 jobs / 428814 index | 1010.7482528196485 jobs/sec (overall) | 784.6 jobs/sec (last 10 sec)
470445 [backgroundjob-zookeeper-pool-3-thread-7] INFO  o.j.performance.PerformanceTestJob - 425254ms / PT7M5.254S - processed 429607 jobs / 429606 index | 1010.2362352852648 jobs/sec (overall) | 785.2 jobs/sec (last 10 sec)
471445 [backgroundjob-zookeeper-pool-3-thread-17] INFO  o.j.performance.PerformanceTestJob - 426254ms / PT7M6.254S - processed 430407 jobs / 430406 index | 1009.7430170743265 jobs/sec (overall) | 788.3 jobs/sec (last 10 sec)
472456 [backgroundjob-zookeeper-pool-3-thread-7] INFO  o.j.performance.PerformanceTestJob - 427264ms / PT7M7.264S - processed 431199 jobs / 431198 index | 1009.2097625823847 jobs/sec (overall) | 787.2 jobs/sec (last 10 sec)
473459 [backgroundjob-zookeeper-pool-3-thread-9] INFO  o.j.performance.PerformanceTestJob - 428268ms / PT7M8.268S - processed 431989 jobs / 431988 index | 1008.6884847805579 jobs/sec (overall) | 788.9 jobs/sec (last 10 sec)
474448 [backgroundjob-zookeeper-pool-3-thread-5] INFO  o.j.performance.PerformanceTestJob - 429257ms / PT7M9.257S - processed 432756 jobs / 432756 index | 1008.1512939800632 jobs/sec (overall) | 788.3 jobs/sec (last 10 sec)
475461 [backgroundjob-zookeeper-pool-3-thread-20] INFO  o.j.performance.PerformanceTestJob - 430269ms / PT7M10.269S - processed 433556 jobs / 433555 index | 1007.6394069756361 jobs/sec (overall) | 789.4 jobs/sec (last 10 sec)
476454 [backgroundjob-zookeeper-pool-3-thread-25] INFO  o.j.performance.PerformanceTestJob - 431263ms / PT7M11.263S - processed 434313 jobs / 434312 index | 1007.0722505756348 jobs/sec (overall) | 786.2 jobs/sec (last 10 sec)
477452 [backgroundjob-zookeeper-pool-3-thread-10] INFO  o.j.performance.PerformanceTestJob - 432260ms / PT7M12.26S - processed 435079 jobs / 435078 index | 1006.5215379632629 jobs/sec (overall) | 785.6 jobs/sec (last 10 sec)
478448 [backgroundjob-zookeeper-pool-3-thread-28] INFO  o.j.performance.PerformanceTestJob - 433257ms / PT7M13.257S - processed 435860 jobs / 435859 index | 1006.0079814059553 jobs/sec (overall) | 783.9 jobs/sec (last 10 sec)
479447 [backgroundjob-zookeeper-pool-3-thread-13] INFO  o.j.performance.PerformanceTestJob - 434256ms / PT7M14.256S - processed 436653 jobs / 436652 index | 1005.5197855642755 jobs/sec (overall) | 784.2 jobs/sec (last 10 sec)
480445 [backgroundjob-zookeeper-pool-3-thread-3] INFO  o.j.performance.PerformanceTestJob - 435254ms / PT7M15.254S - processed 437452 jobs / 437452 index | 1005.0499248714543 jobs/sec (overall) | 784.6 jobs/sec (last 10 sec)
481446 [backgroundjob-zookeeper-pool-3-thread-17] INFO  o.j.performance.PerformanceTestJob - 436255ms / PT7M16.255S - processed 438225 jobs / 438224 index | 1004.5157075563604 jobs/sec (overall) | 781.9 jobs/sec (last 10 sec)
482454 [backgroundjob-zookeeper-pool-3-thread-8] INFO  o.j.performance.PerformanceTestJob - 437263ms / PT7M17.263S - processed 439014 jobs / 439013 index | 1004.0044549847574 jobs/sec (overall) | 781.6 jobs/sec (last 10 sec)
483455 [backgroundjob-zookeeper-pool-3-thread-7] INFO  o.j.performance.PerformanceTestJob - 438262ms / PT7M18.262S - processed 439773 jobs / 439772 index | 1003.4477093610672 jobs/sec (overall) | 778.6 jobs/sec (last 10 sec)
484445 [backgroundjob-zookeeper-pool-3-thread-12] INFO  o.j.performance.PerformanceTestJob - 439254ms / PT7M19.254S - processed 440558 jobs / 440557 index | 1002.9686696080172 jobs/sec (overall) | 780.3 jobs/sec (last 10 sec)
485452 [backgroundjob-zookeeper-pool-3-thread-5] INFO  o.j.performance.PerformanceTestJob - 440261ms / PT7M20.261S - processed 441330 jobs / 441329 index | 1002.4281051467198 jobs/sec (overall) | 777.5 jobs/sec (last 10 sec)
486447 [backgroundjob-zookeeper-pool-3-thread-6] INFO  o.j.performance.PerformanceTestJob - 441255ms / PT7M21.255S - processed 442121 jobs / 442120 index | 1001.9625839933825 jobs/sec (overall) | 781.0 jobs/sec (last 10 sec)
487446 [backgroundjob-zookeeper-pool-3-thread-20] INFO  o.j.performance.PerformanceTestJob - 442254ms / PT7M22.254S - processed 442995 jobs / 442994 index | 1001.675507739896 jobs/sec (overall) | 791.8 jobs/sec (last 10 sec)
488447 [backgroundjob-zookeeper-pool-3-thread-9] INFO  o.j.performance.PerformanceTestJob - 443256ms / PT7M23.256S - processed 443802 jobs / 443801 index | 1001.2317938166658 jobs/sec (overall) | 794.3 jobs/sec (last 10 sec)
489445 [backgroundjob-zookeeper-pool-3-thread-3] INFO  o.j.performance.PerformanceTestJob - 444254ms / PT7M24.254S - processed 444577 jobs / 444576 index | 1000.7270615458724 jobs/sec (overall) | 792.5 jobs/sec (last 10 sec)
490449 [backgroundjob-zookeeper-pool-3-thread-3] INFO  o.j.performance.PerformanceTestJob - 445258ms / PT7M25.258S - processed 445335 jobs / 445334 index | 1000.1729334453283 jobs/sec (overall) | 788.4 jobs/sec (last 10 sec)
491452 [backgroundjob-zookeeper-pool-3-thread-24] INFO  o.j.performance.PerformanceTestJob - 446261ms / PT7M26.261S - processed 446112 jobs / 446111 index | 999.6661146728036 jobs/sec (overall) | 788.8 jobs/sec (last 10 sec)
492445 [backgroundjob-zookeeper-pool-3-thread-22] INFO  o.j.performance.PerformanceTestJob - 447254ms / PT7M27.254S - processed 446890 jobs / 446891 index | 999.1861447857369 jobs/sec (overall) | 787.7 jobs/sec (last 10 sec)
493445 [backgroundjob-zookeeper-pool-3-thread-32] INFO  o.j.performance.PerformanceTestJob - 448254ms / PT7M28.254S - processed 447654 jobs / 447654 index | 998.6614731826152 jobs/sec (overall) | 788.2 jobs/sec (last 10 sec)
494445 [backgroundjob-zookeeper-pool-3-thread-26] INFO  o.j.performance.PerformanceTestJob - 449254ms / PT7M29.254S - processed 448420 jobs / 448418 index | 998.1435891500131 jobs/sec (overall) | 786.3 jobs/sec (last 10 sec)
495445 [backgroundjob-zookeeper-pool-3-thread-5] INFO  o.j.performance.PerformanceTestJob - 450254ms / PT7M30.254S - processed 449198 jobs / 449197 index | 997.6546571490759 jobs/sec (overall) | 786.9 jobs/sec (last 10 sec)
496446 [backgroundjob-zookeeper-pool-3-thread-20] INFO  o.j.performance.PerformanceTestJob - 451255ms / PT7M31.255S - processed 449982 jobs / 449981 index | 997.1789786262756 jobs/sec (overall) | 786.3 jobs/sec (last 10 sec)
497460 [backgroundjob-zookeeper-pool-3-thread-2] INFO  o.j.performance.PerformanceTestJob - 452269ms / PT7M32.269S - processed 450756 jobs / 450755 index | 996.6546457970809 jobs/sec (overall) | 776.4 jobs/sec (last 10 sec)
498448 [backgroundjob-zookeeper-pool-3-thread-25] INFO  o.j.performance.PerformanceTestJob - 453257ms / PT7M33.257S - processed 451507 jobs / 451506 index | 996.1390557674785 jobs/sec (overall) | 770.7 jobs/sec (last 10 sec)
499445 [backgroundjob-zookeeper-pool-3-thread-32] INFO  o.j.performance.PerformanceTestJob - 454254ms / PT7M34.254S - processed 452379 jobs / 452378 index | 995.87235335297 jobs/sec (overall) | 780.3 jobs/sec (last 10 sec)
500445 [backgroundjob-zookeeper-pool-3-thread-14] INFO  o.j.performance.PerformanceTestJob - 455254ms / PT7M35.254S - processed 453181 jobs / 453179 index | 995.4464979989193 jobs/sec (overall) | 784.8 jobs/sec (last 10 sec)
501445 [backgroundjob-zookeeper-pool-3-thread-22] INFO  o.j.performance.PerformanceTestJob - 456254ms / PT7M36.254S - processed 453951 jobs / 453950 index | 994.9523730202914 jobs/sec (overall) | 784.1 jobs/sec (last 10 sec)
502456 [backgroundjob-zookeeper-pool-3-thread-17] INFO  o.j.performance.PerformanceTestJob - 457265ms / PT7M37.265S - processed 454739 jobs / 454738 index | 994.4758509835654 jobs/sec (overall) | 785.1 jobs/sec (last 10 sec)
503459 [backgroundjob-zookeeper-pool-3-thread-6] INFO  o.j.performance.PerformanceTestJob - 458267ms / PT7M38.267S - processed 455534 jobs / 455533 index | 994.0362277886036 jobs/sec (overall) | 788.1 jobs/sec (last 10 sec)
504445 [backgroundjob-zookeeper-pool-3-thread-18] INFO  o.j.performance.PerformanceTestJob - 459254ms / PT7M39.254S - processed 456423 jobs / 456422 index | 993.8356552147613 jobs/sec (overall) | 800.4 jobs/sec (last 10 sec)
505460 [backgroundjob-zookeeper-pool-3-thread-32] INFO  o.j.performance.PerformanceTestJob - 460268ms / PT7M40.268S - processed 457346 jobs / 457345 index | 993.6515247638332 jobs/sec (overall) | 815.0 jobs/sec (last 10 sec)
506445 [backgroundjob-zookeeper-pool-3-thread-20] INFO  o.j.performance.PerformanceTestJob - 461254ms / PT7M41.254S - processed 458124 jobs / 458124 index | 993.2141509883925 jobs/sec (overall) | 814.3 jobs/sec (last 10 sec)
507447 [backgroundjob-zookeeper-pool-3-thread-28] INFO  o.j.performance.PerformanceTestJob - 462256ms / PT7M42.256S - processed 459036 jobs / 459034 index | 993.0341628880966 jobs/sec (overall) | 828.1 jobs/sec (last 10 sec)
508448 [backgroundjob-zookeeper-pool-3-thread-28] INFO  o.j.performance.PerformanceTestJob - 463257ms / PT7M43.257S - processed 459934 jobs / 459933 index | 992.8268757946453 jobs/sec (overall) | 842.9 jobs/sec (last 10 sec)
509461 [backgroundjob-zookeeper-pool-3-thread-16] INFO  o.j.performance.PerformanceTestJob - 464270ms / PT7M44.27S - processed 460727 jobs / 460726 index | 992.3686647855774 jobs/sec (overall) | 834.9 jobs/sec (last 10 sec)
510457 [backgroundjob-zookeeper-pool-3-thread-21] INFO  o.j.performance.PerformanceTestJob - 465266ms / PT7M45.266S - processed 461477 jobs / 461476 index | 991.856271466215 jobs/sec (overall) | 829.8 jobs/sec (last 10 sec)
511454 [backgroundjob-zookeeper-pool-3-thread-15] INFO  o.j.performance.PerformanceTestJob - 466263ms / PT7M46.263S - processed 462252 jobs / 462250 index | 991.3975588884385 jobs/sec (overall) | 830.2 jobs/sec (last 10 sec)
512450 [backgroundjob-zookeeper-pool-3-thread-10] INFO  o.j.performance.PerformanceTestJob - 467259ms / PT7M47.259S - processed 463084 jobs / 463084 index | 991.0649126073548 jobs/sec (overall) | 834.8 jobs/sec (last 10 sec)
513445 [backgroundjob-zookeeper-pool-3-thread-26] INFO  o.j.performance.PerformanceTestJob - 468254ms / PT7M48.254S - processed 463864 jobs / 463864 index | 990.6247463983223 jobs/sec (overall) | 833.2 jobs/sec (last 10 sec)
514450 [backgroundjob-zookeeper-pool-3-thread-20] INFO  o.j.performance.PerformanceTestJob - 469259ms / PT7M49.259S - processed 464623 jobs / 464622 index | 990.1205943839117 jobs/sec (overall) | 820.1 jobs/sec (last 10 sec)
515448 [backgroundjob-zookeeper-pool-3-thread-27] INFO  o.j.performance.PerformanceTestJob - 470257ms / PT7M50.257S - processed 465377 jobs / 465376 index | 989.6226956749182 jobs/sec (overall) | 803.2 jobs/sec (last 10 sec)
516445 [backgroundjob-zookeeper-pool-3-thread-26] INFO  o.j.performance.PerformanceTestJob - 471254ms / PT7M51.254S - processed 466165 jobs / 466163 index | 989.2011526692612 jobs/sec (overall) | 804.2 jobs/sec (last 10 sec)
517445 [backgroundjob-zookeeper-pool-3-thread-32] INFO  o.j.performance.PerformanceTestJob - 472254ms / PT7M52.254S - processed 466927 jobs / 466926 index | 988.7200531917147 jobs/sec (overall) | 789.3 jobs/sec (last 10 sec)
518454 [backgroundjob-zookeeper-pool-3-thread-32] INFO  o.j.performance.PerformanceTestJob - 473262ms / PT7M53.262S - processed 467694 jobs / 467693 index | 988.2348466599896 jobs/sec (overall) | 776.1 jobs/sec (last 10 sec)
519450 [backgroundjob-zookeeper-pool-3-thread-20] INFO  o.j.performance.PerformanceTestJob - 474259ms / PT7M54.259S - processed 468448 jobs / 468446 index | 987.7472014236946 jobs/sec (overall) | 772.2 jobs/sec (last 10 sec)
520449 [backgroundjob-zookeeper-pool-3-thread-5] INFO  o.j.performance.PerformanceTestJob - 475258ms / PT7M55.258S - processed 469192 jobs / 469191 index | 987.2364063308771 jobs/sec (overall) | 771.6 jobs/sec (last 10 sec)
521455 [backgroundjob-zookeeper-pool-3-thread-10] INFO  o.j.performance.PerformanceTestJob - 476264ms / PT7M56.264S - processed 470189 jobs / 470188 index | 987.2444694539163 jobs/sec (overall) | 794.1 jobs/sec (last 10 sec)
522445 [backgroundjob-zookeeper-pool-3-thread-11] INFO  o.j.performance.PerformanceTestJob - 477254ms / PT7M57.254S - processed 471156 jobs / 471156 index | 987.2227367397654 jobs/sec (overall) | 807.3 jobs/sec (last 10 sec)
523445 [backgroundjob-zookeeper-pool-3-thread-5] INFO  o.j.performance.PerformanceTestJob - 478254ms / PT7M58.254S - processed 471928 jobs / 471927 index | 986.7727190990562 jobs/sec (overall) | 806.7 jobs/sec (last 10 sec)
524449 [backgroundjob-zookeeper-pool-3-thread-9] INFO  o.j.performance.PerformanceTestJob - 479258ms / PT7M59.258S - processed 472737 jobs / 472736 index | 986.3935500294205 jobs/sec (overall) | 811.6 jobs/sec (last 10 sec)
525460 [backgroundjob-zookeeper-pool-3-thread-7] INFO  o.j.performance.PerformanceTestJob - 480269ms / PT8M0.269S - processed 473511 jobs / 473510 index | 985.9287191136634 jobs/sec (overall) | 813.6 jobs/sec (last 10 sec)
526445 [backgroundjob-zookeeper-pool-3-thread-21] INFO  o.j.performance.PerformanceTestJob - 481254ms / PT8M1.254S - processed 474274 jobs / 474273 index | 985.4962244469656 jobs/sec (overall) | 811.0 jobs/sec (last 10 sec)
527445 [backgroundjob-zookeeper-pool-3-thread-1] INFO  o.j.performance.PerformanceTestJob - 482254ms / PT8M2.254S - processed 475030 jobs / 475029 index | 985.0203419774641 jobs/sec (overall) | 810.4 jobs/sec (last 10 sec)
528445 [backgroundjob-zookeeper-pool-3-thread-23] INFO  o.j.performance.PerformanceTestJob - 483254ms / PT8M3.254S - processed 475779 jobs / 475778 index | 984.5319438638894 jobs/sec (overall) | 808.6 jobs/sec (last 10 sec)
529452 [backgroundjob-zookeeper-pool-3-thread-10] INFO  o.j.performance.PerformanceTestJob - 484261ms / PT8M4.261S - processed 476478 jobs / 476477 index | 983.9280883655715 jobs/sec (overall) | 803.2 jobs/sec (last 10 sec)
530445 [backgroundjob-zookeeper-pool-3-thread-15] INFO  o.j.performance.PerformanceTestJob - 485254ms / PT8M5.254S - processed 477279 jobs / 477277 index | 983.5653080654668 jobs/sec (overall) | 808.8 jobs/sec (last 10 sec)
531445 [backgroundjob-zookeeper-pool-3-thread-17] INFO  o.j.performance.PerformanceTestJob - 486254ms / PT8M6.254S - processed 478346 jobs / 478346 index | 983.7368947093495 jobs/sec (overall) | 815.9 jobs/sec (last 10 sec)
532454 [backgroundjob-zookeeper-pool-3-thread-20] INFO  o.j.performance.PerformanceTestJob - 487263ms / PT8M7.263S - processed 479134 jobs / 479133 index | 983.3170177091222 jobs/sec (overall) | 797.9 jobs/sec (last 10 sec)
533451 [backgroundjob-zookeeper-pool-3-thread-32] INFO  o.j.performance.PerformanceTestJob - 488260ms / PT8M8.26S - processed 480048 jobs / 480047 index | 983.1810920411257 jobs/sec (overall) | 812.3 jobs/sec (last 10 sec)
534455 [backgroundjob-zookeeper-pool-3-thread-2] INFO  o.j.performance.PerformanceTestJob - 489264ms / PT8M9.264S - processed 480824 jobs / 480823 index | 982.7495993982799 jobs/sec (overall) | 808.8 jobs/sec (last 10 sec)
535445 [backgroundjob-zookeeper-pool-3-thread-3] INFO  o.j.performance.PerformanceTestJob - 490254ms / PT8M10.254S - processed 481675 jobs / 481674 index | 982.500907692747 jobs/sec (overall) | 816.5 jobs/sec (last 10 sec)
536455 [backgroundjob-zookeeper-pool-3-thread-32] INFO  o.j.performance.PerformanceTestJob - 491264ms / PT8M11.264S - processed 482459 jobs / 482458 index | 982.0768466649297 jobs/sec (overall) | 818.6 jobs/sec (last 10 sec)
537454 [backgroundjob-zookeeper-pool-3-thread-14] INFO  o.j.performance.PerformanceTestJob - 492263ms / PT8M12.263S - processed 483456 jobs / 483455 index | 982.1091570969177 jobs/sec (overall) | 842.7 jobs/sec (last 10 sec)
538445 [backgroundjob-zookeeper-pool-3-thread-2] INFO  o.j.performance.PerformanceTestJob - 493254ms / PT8M13.254S - processed 484238 jobs / 484236 index | 981.7213849254136 jobs/sec (overall) | 846.2 jobs/sec (last 10 sec)
539455 [backgroundjob-zookeeper-pool-3-thread-19] INFO  o.j.performance.PerformanceTestJob - 494264ms / PT8M14.264S - processed 484919 jobs / 484918 index | 981.0931000437014 jobs/sec (overall) | 844.5 jobs/sec (last 10 sec)
540458 [backgroundjob-zookeeper-pool-3-thread-7] INFO  o.j.performance.PerformanceTestJob - 495266ms / PT8M15.266S - processed 485634 jobs / 485634 index | 980.5518650583726 jobs/sec (overall) | 835.9 jobs/sec (last 10 sec)
541452 [backgroundjob-zookeeper-pool-3-thread-19] INFO  o.j.performance.PerformanceTestJob - 496261ms / PT8M16.261S - processed 486344 jobs / 486343 index | 980.0165638645793 jobs/sec (overall) | 800.0 jobs/sec (last 10 sec)
542453 [backgroundjob-zookeeper-pool-3-thread-24] INFO  o.j.performance.PerformanceTestJob - 497261ms / PT8M17.261S - processed 487161 jobs / 487160 index | 979.6887348897259 jobs/sec (overall) | 802.8 jobs/sec (last 10 sec)
543445 [backgroundjob-zookeeper-pool-3-thread-11] INFO  o.j.performance.PerformanceTestJob - 498254ms / PT8M18.254S - processed 488055 jobs / 488055 index | 979.5305205778578 jobs/sec (overall) | 800.9 jobs/sec (last 10 sec)
544460 [backgroundjob-zookeeper-pool-3-thread-24] INFO  o.j.performance.PerformanceTestJob - 499269ms / PT8M19.269S - processed 488760 jobs / 488759 index | 978.9512266934258 jobs/sec (overall) | 793.7 jobs/sec (last 10 sec)
545449 [backgroundjob-zookeeper-pool-3-thread-16] INFO  o.j.performance.PerformanceTestJob - 500258ms / PT8M20.258S - processed 489456 jobs / 489455 index | 978.407141914772 jobs/sec (overall) | 778.4 jobs/sec (last 10 sec)
546451 [backgroundjob-zookeeper-pool-3-thread-4] INFO  o.j.performance.PerformanceTestJob - 501260ms / PT8M21.26S - processed 490199 jobs / 490198 index | 977.9336073095799 jobs/sec (overall) | 774.3 jobs/sec (last 10 sec)
547461 [backgroundjob-zookeeper-pool-3-thread-6] INFO  o.j.performance.PerformanceTestJob - 502270ms / PT8M22.27S - processed 490934 jobs / 490933 index | 977.4304656857865 jobs/sec (overall) | 748.0 jobs/sec (last 10 sec)
548445 [backgroundjob-zookeeper-pool-3-thread-7] INFO  o.j.performance.PerformanceTestJob - 503254ms / PT8M23.254S - processed 491697 jobs / 491696 index | 977.0354532701181 jobs/sec (overall) | 746.1 jobs/sec (last 10 sec)
549445 [backgroundjob-zookeeper-pool-3-thread-31] INFO  o.j.performance.PerformanceTestJob - 504254ms / PT8M24.254S - processed 492471 jobs / 492470 index | 976.6328080689494 jobs/sec (overall) | 755.4 jobs/sec (last 10 sec)
550458 [backgroundjob-zookeeper-pool-3-thread-6] INFO  o.j.performance.PerformanceTestJob - 505267ms / PT8M25.267S - processed 493246 jobs / 493245 index | 976.2086184136308 jobs/sec (overall) | 761.3 jobs/sec (last 10 sec)
551457 [backgroundjob-zookeeper-pool-3-thread-6] INFO  o.j.performance.PerformanceTestJob - 506266ms / PT8M26.266S - processed 494101 jobs / 494100 index | 975.9711298013298 jobs/sec (overall) | 775.9 jobs/sec (last 10 sec)
552446 [backgroundjob-zookeeper-pool-3-thread-10] INFO  o.j.performance.PerformanceTestJob - 507255ms / PT8M27.255S - processed 494923 jobs / 494922 index | 975.6887561482883 jobs/sec (overall) | 776.3 jobs/sec (last 10 sec)
553455 [backgroundjob-zookeeper-pool-3-thread-25] INFO  o.j.performance.PerformanceTestJob - 508264ms / PT8M28.264S - processed 495674 jobs / 495673 index | 975.2294083389735 jobs/sec (overall) | 762.0 jobs/sec (last 10 sec)
554445 [backgroundjob-zookeeper-pool-3-thread-14] INFO  o.j.performance.PerformanceTestJob - 509254ms / PT8M29.254S - processed 496435 jobs / 496434 index | 974.8278854952539 jobs/sec (overall) | 767.6 jobs/sec (last 10 sec)
555445 [backgroundjob-zookeeper-pool-3-thread-20] INFO  o.j.performance.PerformanceTestJob - 510254ms / PT8M30.254S - processed 497228 jobs / 497228 index | 974.471537704751 jobs/sec (overall) | 777.4 jobs/sec (last 10 sec)
556445 [backgroundjob-zookeeper-pool-3-thread-14] INFO  o.j.performance.PerformanceTestJob - 511254ms / PT8M31.254S - processed 498027 jobs / 498026 index | 974.1283197784271 jobs/sec (overall) | 782.9 jobs/sec (last 10 sec)
557457 [backgroundjob-zookeeper-pool-3-thread-3] INFO  o.j.performance.PerformanceTestJob - 512266ms / PT8M32.266S - processed 498809 jobs / 498809 index | 973.7304447298865 jobs/sec (overall) | 787.7 jobs/sec (last 10 sec)
558445 [backgroundjob-zookeeper-pool-3-thread-19] INFO  o.j.performance.PerformanceTestJob - 513254ms / PT8M33.254S - processed 499582 jobs / 499581 index | 973.3621170024978 jobs/sec (overall) | 788.6 jobs/sec (last 10 sec)
558970 [backgroundjob-zookeeper-pool-3-thread-8] INFO  o.j.performance.PerformanceTestJob - 513779ms / PT8M33.779S - processed 500000 jobs / 499999 index | 973.1810759100703 jobs/sec (overall) | 830.4 jobs/sec (last 10 sec)
558970 [org.jobrunr.performance.Main.main()] INFO  org.jobrunr.performance.Main - Processing took 514906ms
560979 [extShutdownHook] INFO  o.j.server.BackgroundJobServer - BackgroundJobServer (rdehuyss-NUC - 7284c70c-01ca-4852-876e-d34c3e489575) and BackgroundJobPerformers - stopping (waiting for all jobs to complete - max 10 seconds)
560985 [extShutdownHook] INFO  o.j.server.BackgroundJobServer - BackgroundJobServer (rdehuyss-NUC - 7284c70c-01ca-4852-876e-d34c3e489575) and BackgroundJobPerformers stopped
560986 [extShutdownHook] INFO  o.j.d.JobRunrDashboardWebServer - JobRunr Pro Dashboard stopped
